---
source: crates/talkbank-tree-sitter-parser/src/parser/chat_file_parser/single_item/tests/word/helpers.rs
expression: result
---
Ok(
    Word {
        span: Span {
            start: 107,
            end: 113,
        },
        word_id: None,
        raw_text: "&~gaga",
        content: WordContents(
            [
                Text(
                    WordText(
                        NonEmptyString(
                            "gaga",
                        ),
                    ),
                ),
            ],
        ),
        category: Some(
            Nonword,
        ),
        form_type: None,
        lang: None,
        part_of_speech: None,
        inline_bullet: None,
        cached_cleaned_text: CachedStr(
            OnceLock(
                "gaga",
            ),
        ),
    },
)
