---
source: crates/talkbank-clan/tests/clan_golden.rs
expression: rust_output
---
{
  "speakers": [
    {
      "speaker": "CHI",
      "csubj": 0,
      "ccomp": 0,
      "xcomp": 0,
      "acl": 0,
      "advcl": 0,
      "nsubj": 2,
      "comp": 0,
      "cpred": 0,
      "cpobj": 0,
      "cobj": 0,
      "cjct": 0,
      "xjct": 0,
      "njct": 0,
      "cmod": 0,
      "xmod": 0,
      "tokens": 2,
      "total_tokens": 5
    },
    {
      "speaker": "MOT",
      "csubj": 0,
      "ccomp": 0,
      "xcomp": 0,
      "acl": 0,
      "advcl": 0,
      "nsubj": 0,
      "comp": 0,
      "cpred": 0,
      "cpobj": 0,
      "cobj": 0,
      "cjct": 0,
      "xjct": 0,
      "njct": 0,
      "cmod": 0,
      "xmod": 0,
      "tokens": 0,
      "total_tokens": 4
    }
  ],
  "style": "Ud"
}
