---
source: tests/clan_golden.rs
expression: clan_output
---
MLU for Speaker: *CHI:
  MLU (xxx, yyy and www are EXCLUDED from the utterance and morpheme counts):
	Number of: utterances = 1, words = 4
	Ratio of words over utterances = 4.000
	Standard deviation = NA

MLU for Speaker: *MOT:
  MLU (xxx, yyy and www are EXCLUDED from the utterance and morpheme counts):
	Number of: utterances = 1, words = 4
	Ratio of words over utterances = 4.000
	Standard deviation = NA
