---
source: tests/transform_golden.rs
expression: "&rust_output"
---
@UTF8
@Begin
@Languages:	eng
@Participants:	CHI Child, MOT Mother
@ID:	eng|corpus|CHI|2;0||||Child|||
@ID:	eng|corpus|MOT|||||Mother|||
@Comment:	Phonological tier with pho_group delimiters and %mod tier
@Comment:	Constructs: pho_dependent_tier, pho_tier_prefix, pho_words, pho_word,
	pho_group, pho_grouped_content, pho_groups, mod_dependent_tier
*CHI:	Mommy .
%mor:	propn|Mommy .
%gra:	1|0|ROOT 2|1|PUNCT
%pho:	ˈɑmɪ
%mod:	ˈmɑmiː
*MOT:	A B C .
%pho:	a b c
%mod:	d e f
*CHI:	walking .
%pho:	wɑ+kɪŋ
@End
