---
source: crates/talkbank-parser-tests/src/snapshot.rs
expression: snapshot
---
{
  "lines": [
    {
      "line_type": "header",
      "header": {
        "type": "utf8"
      }
    },
    {
      "line_type": "header",
      "header": {
        "type": "begin"
      }
    },
    {
      "line_type": "header",
      "header": {
        "type": "languages",
        "codes": [
          "eng"
        ]
      }
    },
    {
      "line_type": "header",
      "header": {
        "type": "participants",
        "entries": [
          {
            "speaker_code": "SPK",
            "name": null,
            "role": "Speaker"
          },
          {
            "speaker_code": "LSN",
            "name": null,
            "role": "Adult"
          }
        ]
      }
    },
    {
      "line_type": "header",
      "header": {
        "type": "options",
        "options": [
          "CA"
        ]
      }
    },
    {
      "line_type": "header",
      "header": {
        "type": "id",
        "language": [
          "eng"
        ],
        "corpus": "corpus",
        "speaker": "SPK",
        "role": "Speaker"
      }
    },
    {
      "line_type": "header",
      "header": {
        "type": "id",
        "language": [
          "eng"
        ],
        "corpus": "corpus",
        "speaker": "LSN",
        "role": "Adult"
      }
    },
    {
      "line_type": "header",
      "header": {
        "type": "comment",
        "content": {
          "segments": [
            {
              "type": "text",
              "text": "CA diacritics: blocking, pitch, inhalation, constriction, laugh in word,"
            },
            {
              "type": "continuation"
            },
            {
              "type": "text",
              "text": "segment repetition, quality delimiters (faster, slower, creaky, soft, etc.)"
            }
          ]
        }
      }
    },
    {
      "line_type": "header",
      "header": {
        "type": "comment",
        "content": {
          "segments": [
            {
              "type": "text",
              "text": "Constructs: nonvocal_simple, CA inline diacritics,"
            },
            {
              "type": "continuation"
            },
            {
              "type": "text",
              "text": "quality delimiter pairs (all 12)"
            }
          ]
        }
      }
    },
    {
      "line_type": "utterance",
      "main": {
        "speaker": "SPK",
        "content": {
          "content": [
            {
              "type": "word",
              "raw_text": "rub-b-b≠bber",
              "cleaned_text": "rub-b-bbber",
              "content": [
                {
                  "type": "text",
                  "content": "rub-b-b"
                },
                {
                  "type": "ca_element",
                  "content": {
                    "element_type": "blocked_segments",
                    "span": {
                      "start": 416,
                      "end": 419
                    }
                  }
                },
                {
                  "type": "text",
                  "content": "bber"
                }
              ]
            },
            {
              "type": "word",
              "raw_text": "is",
              "cleaned_text": "is",
              "content": [
                {
                  "type": "text",
                  "content": "is"
                }
              ]
            },
            {
              "type": "word",
              "raw_text": "blocked",
              "cleaned_text": "blocked",
              "content": [
                {
                  "type": "text",
                  "content": "blocked"
                }
              ]
            }
          ],
          "terminator": {
            "type": "period"
          }
        }
      }
    },
    {
      "line_type": "utterance",
      "main": {
        "speaker": "SPK",
        "content": {
          "content": [
            {
              "type": "word",
              "raw_text": "p↑itch",
              "cleaned_text": "pitch",
              "content": [
                {
                  "type": "text",
                  "content": "p"
                },
                {
                  "type": "ca_element",
                  "content": {
                    "element_type": "pitch_up",
                    "span": {
                      "start": 444,
                      "end": 447
                    }
                  }
                },
                {
                  "type": "text",
                  "content": "itch"
                }
              ]
            },
            {
              "type": "word",
              "raw_text": "up",
              "cleaned_text": "up",
              "content": [
                {
                  "type": "text",
                  "content": "up"
                }
              ]
            },
            {
              "type": "word",
              "raw_text": "and",
              "cleaned_text": "and",
              "content": [
                {
                  "type": "text",
                  "content": "and"
                }
              ]
            },
            {
              "type": "word",
              "raw_text": "p↓itch",
              "cleaned_text": "pitch",
              "content": [
                {
                  "type": "text",
                  "content": "p"
                },
                {
                  "type": "ca_element",
                  "content": {
                    "element_type": "pitch_down",
                    "span": {
                      "start": 460,
                      "end": 463
                    }
                  }
                },
                {
                  "type": "text",
                  "content": "itch"
                }
              ]
            },
            {
              "type": "word",
              "raw_text": "down",
              "cleaned_text": "down",
              "content": [
                {
                  "type": "text",
                  "content": "down"
                }
              ]
            }
          ],
          "terminator": {
            "type": "period"
          }
        }
      }
    },
    {
      "line_type": "utterance",
      "main": {
        "speaker": "SPK",
        "content": {
          "content": [
            {
              "type": "word",
              "raw_text": "in∙halation",
              "cleaned_text": "inhalation",
              "content": [
                {
                  "type": "text",
                  "content": "in"
                },
                {
                  "type": "ca_element",
                  "content": {
                    "element_type": "inhalation",
                    "span": {
                      "start": 483,
                      "end": 486
                    }
                  }
                },
                {
                  "type": "text",
                  "content": "halation"
                }
              ]
            },
            {
              "type": "word",
              "raw_text": "and",
              "cleaned_text": "and",
              "content": [
                {
                  "type": "text",
                  "content": "and"
                }
              ]
            },
            {
              "type": "word",
              "raw_text": "constriction∾",
              "cleaned_text": "constriction",
              "content": [
                {
                  "type": "text",
                  "content": "constriction"
                },
                {
                  "type": "ca_element",
                  "content": {
                    "element_type": "constriction",
                    "span": {
                      "start": 511,
                      "end": 514
                    }
                  }
                }
              ]
            },
            {
              "type": "word",
              "raw_text": "and",
              "cleaned_text": "and",
              "content": [
                {
                  "type": "text",
                  "content": "and"
                }
              ]
            },
            {
              "type": "word",
              "raw_text": "lauἩgh",
              "cleaned_text": "laugh",
              "content": [
                {
                  "type": "text",
                  "content": "lau"
                },
                {
                  "type": "ca_element",
                  "content": {
                    "element_type": "laugh_in_word",
                    "span": {
                      "start": 522,
                      "end": 525
                    }
                  }
                },
                {
                  "type": "text",
                  "content": "gh"
                }
              ]
            }
          ],
          "terminator": {
            "type": "period"
          }
        }
      }
    },
    {
      "line_type": "utterance",
      "main": {
        "speaker": "SPK",
        "content": {
          "content": [
            {
              "type": "word",
              "raw_text": "↻pitch",
              "cleaned_text": "pitch",
              "content": [
                {
                  "type": "ca_element",
                  "content": {
                    "element_type": "pitch_reset",
                    "span": {
                      "start": 536,
                      "end": 539
                    }
                  }
                },
                {
                  "type": "text",
                  "content": "pitch"
                }
              ]
            },
            {
              "type": "word",
              "raw_text": "reset",
              "cleaned_text": "reset",
              "content": [
                {
                  "type": "text",
                  "content": "reset"
                }
              ]
            },
            {
              "type": "word",
              "raw_text": "here",
              "cleaned_text": "here",
              "content": [
                {
                  "type": "text",
                  "content": "here"
                }
              ]
            }
          ],
          "terminator": {
            "type": "period"
          }
        }
      }
    },
    {
      "line_type": "utterance",
      "main": {
        "speaker": "SPK",
        "content": {
          "content": [
            {
              "type": "word",
              "raw_text": "↫s-s-s↫segment",
              "cleaned_text": "s-s-ssegment",
              "content": [
                {
                  "type": "ca_delimiter",
                  "content": {
                    "delimiter_type": "segment_repetition",
                    "span": {
                      "start": 564,
                      "end": 567
                    }
                  }
                },
                {
                  "type": "text",
                  "content": "s-s-s"
                },
                {
                  "type": "ca_delimiter",
                  "content": {
                    "delimiter_type": "segment_repetition",
                    "span": {
                      "start": 572,
                      "end": 575
                    }
                  }
                },
                {
                  "type": "text",
                  "content": "segment"
                }
              ]
            },
            {
              "type": "word",
              "raw_text": "repetition",
              "cleaned_text": "repetition",
              "content": [
                {
                  "type": "text",
                  "content": "repetition"
                }
              ]
            }
          ],
          "terminator": {
            "type": "period"
          }
        }
      }
    },
    {
      "line_type": "utterance",
      "main": {
        "speaker": "SPK",
        "content": {
          "content": [
            {
              "type": "word",
              "raw_text": "∆faster∆",
              "cleaned_text": "faster",
              "content": [
                {
                  "type": "ca_delimiter",
                  "content": {
                    "delimiter_type": "faster",
                    "span": {
                      "start": 602,
                      "end": 605
                    }
                  }
                },
                {
                  "type": "text",
                  "content": "faster"
                },
                {
                  "type": "ca_delimiter",
                  "content": {
                    "delimiter_type": "faster",
                    "span": {
                      "start": 611,
                      "end": 614
                    }
                  }
                }
              ]
            },
            {
              "type": "word",
              "raw_text": "and",
              "cleaned_text": "and",
              "content": [
                {
                  "type": "text",
                  "content": "and"
                }
              ]
            },
            {
              "type": "word",
              "raw_text": "∇slower∇",
              "cleaned_text": "slower",
              "content": [
                {
                  "type": "ca_delimiter",
                  "content": {
                    "delimiter_type": "slower",
                    "span": {
                      "start": 619,
                      "end": 622
                    }
                  }
                },
                {
                  "type": "text",
                  "content": "slower"
                },
                {
                  "type": "ca_delimiter",
                  "content": {
                    "delimiter_type": "slower",
                    "span": {
                      "start": 628,
                      "end": 631
                    }
                  }
                }
              ]
            },
            {
              "type": "word",
              "raw_text": "and",
              "cleaned_text": "and",
              "content": [
                {
                  "type": "text",
                  "content": "and"
                }
              ]
            },
            {
              "type": "word",
              "raw_text": "⁎creaky⁎",
              "cleaned_text": "creaky",
              "content": [
                {
                  "type": "ca_delimiter",
                  "content": {
                    "delimiter_type": "creaky",
                    "span": {
                      "start": 636,
                      "end": 639
                    }
                  }
                },
                {
                  "type": "text",
                  "content": "creaky"
                },
                {
                  "type": "ca_delimiter",
                  "content": {
                    "delimiter_type": "creaky",
                    "span": {
                      "start": 645,
                      "end": 648
                    }
                  }
                }
              ]
            },
            {
              "type": "word",
              "raw_text": "and",
              "cleaned_text": "and",
              "content": [
                {
                  "type": "text",
                  "content": "and"
                }
              ]
            },
            {
              "type": "word",
              "raw_text": "°softer°",
              "cleaned_text": "softer",
              "content": [
                {
                  "type": "ca_delimiter",
                  "content": {
                    "delimiter_type": "softer",
                    "span": {
                      "start": 653,
                      "end": 655
                    }
                  }
                },
                {
                  "type": "text",
                  "content": "softer"
                },
                {
                  "type": "ca_delimiter",
                  "content": {
                    "delimiter_type": "softer",
                    "span": {
                      "start": 661,
                      "end": 663
                    }
                  }
                }
              ]
            }
          ],
          "terminator": {
            "type": "period"
          }
        }
      }
    },
    {
      "line_type": "utterance",
      "main": {
        "speaker": "LSN",
        "content": {
          "content": [
            {
              "type": "word",
              "raw_text": "▁lowpitch▁",
              "cleaned_text": "lowpitch",
              "content": [
                {
                  "type": "ca_delimiter",
                  "content": {
                    "delimiter_type": "low_pitch",
                    "span": {
                      "start": 672,
                      "end": 675
                    }
                  }
                },
                {
                  "type": "text",
                  "content": "lowpitch"
                },
                {
                  "type": "ca_delimiter",
                  "content": {
                    "delimiter_type": "low_pitch",
                    "span": {
                      "start": 683,
                      "end": 686
                    }
                  }
                }
              ]
            },
            {
              "type": "word",
              "raw_text": "and",
              "cleaned_text": "and",
              "content": [
                {
                  "type": "text",
                  "content": "and"
                }
              ]
            },
            {
              "type": "word",
              "raw_text": "▔highpitch▔",
              "cleaned_text": "highpitch",
              "content": [
                {
                  "type": "ca_delimiter",
                  "content": {
                    "delimiter_type": "high_pitch",
                    "span": {
                      "start": 691,
                      "end": 694
                    }
                  }
                },
                {
                  "type": "text",
                  "content": "highpitch"
                },
                {
                  "type": "ca_delimiter",
                  "content": {
                    "delimiter_type": "high_pitch",
                    "span": {
                      "start": 703,
                      "end": 706
                    }
                  }
                }
              ]
            },
            {
              "type": "word",
              "raw_text": "and",
              "cleaned_text": "and",
              "content": [
                {
                  "type": "text",
                  "content": "and"
                }
              ]
            },
            {
              "type": "word",
              "raw_text": "☺smilevoice☺",
              "cleaned_text": "smilevoice",
              "content": [
                {
                  "type": "ca_delimiter",
                  "content": {
                    "delimiter_type": "smile_voice",
                    "span": {
                      "start": 711,
                      "end": 714
                    }
                  }
                },
                {
                  "type": "text",
                  "content": "smilevoice"
                },
                {
                  "type": "ca_delimiter",
                  "content": {
                    "delimiter_type": "smile_voice",
                    "span": {
                      "start": 724,
                      "end": 727
                    }
                  }
                }
              ]
            }
          ],
          "terminator": {
            "type": "period"
          }
        }
      }
    },
    {
      "line_type": "utterance",
      "main": {
        "speaker": "LSN",
        "content": {
          "content": [
            {
              "type": "word",
              "raw_text": "♋breathyvoice♋",
              "cleaned_text": "breathyvoice",
              "content": [
                {
                  "type": "ca_delimiter",
                  "content": {
                    "delimiter_type": "breathy_voice",
                    "span": {
                      "start": 736,
                      "end": 739
                    }
                  }
                },
                {
                  "type": "text",
                  "content": "breathyvoice"
                },
                {
                  "type": "ca_delimiter",
                  "content": {
                    "delimiter_type": "breathy_voice",
                    "span": {
                      "start": 751,
                      "end": 754
                    }
                  }
                }
              ]
            },
            {
              "type": "word",
              "raw_text": "and",
              "cleaned_text": "and",
              "content": [
                {
                  "type": "text",
                  "content": "and"
                }
              ]
            },
            {
              "type": "word",
              "raw_text": "⁇unsure⁇",
              "cleaned_text": "unsure",
              "content": [
                {
                  "type": "ca_delimiter",
                  "content": {
                    "delimiter_type": "unsure",
                    "span": {
                      "start": 759,
                      "end": 762
                    }
                  }
                },
                {
                  "type": "text",
                  "content": "unsure"
                },
                {
                  "type": "ca_delimiter",
                  "content": {
                    "delimiter_type": "unsure",
                    "span": {
                      "start": 768,
                      "end": 771
                    }
                  }
                }
              ]
            },
            {
              "type": "word",
              "raw_text": "and",
              "cleaned_text": "and",
              "content": [
                {
                  "type": "text",
                  "content": "and"
                }
              ]
            },
            {
              "type": "word",
              "raw_text": "∬whisper∬",
              "cleaned_text": "whisper",
              "content": [
                {
                  "type": "ca_delimiter",
                  "content": {
                    "delimiter_type": "whisper",
                    "span": {
                      "start": 776,
                      "end": 779
                    }
                  }
                },
                {
                  "type": "text",
                  "content": "whisper"
                },
                {
                  "type": "ca_delimiter",
                  "content": {
                    "delimiter_type": "whisper",
                    "span": {
                      "start": 786,
                      "end": 789
                    }
                  }
                }
              ]
            }
          ],
          "terminator": {
            "type": "period"
          }
        }
      }
    },
    {
      "line_type": "utterance",
      "main": {
        "speaker": "LSN",
        "content": {
          "content": [
            {
              "type": "word",
              "raw_text": "ΫyawnΫ",
              "cleaned_text": "yawn",
              "content": [
                {
                  "type": "ca_delimiter",
                  "content": {
                    "delimiter_type": "yawn",
                    "span": {
                      "start": 798,
                      "end": 800
                    }
                  }
                },
                {
                  "type": "text",
                  "content": "yawn"
                },
                {
                  "type": "ca_delimiter",
                  "content": {
                    "delimiter_type": "yawn",
                    "span": {
                      "start": 804,
                      "end": 806
                    }
                  }
                }
              ]
            },
            {
              "type": "word",
              "raw_text": "and",
              "cleaned_text": "and",
              "content": [
                {
                  "type": "text",
                  "content": "and"
                }
              ]
            },
            {
              "type": "word",
              "raw_text": "∮singing∮",
              "cleaned_text": "singing",
              "content": [
                {
                  "type": "ca_delimiter",
                  "content": {
                    "delimiter_type": "singing",
                    "span": {
                      "start": 811,
                      "end": 814
                    }
                  }
                },
                {
                  "type": "text",
                  "content": "singing"
                },
                {
                  "type": "ca_delimiter",
                  "content": {
                    "delimiter_type": "singing",
                    "span": {
                      "start": 821,
                      "end": 824
                    }
                  }
                }
              ]
            }
          ],
          "terminator": {
            "type": "period"
          }
        }
      }
    },
    {
      "line_type": "utterance",
      "main": {
        "speaker": "SPK",
        "content": {
          "content": [
            {
              "type": "word",
              "raw_text": "⤇quick",
              "cleaned_text": "quick",
              "content": [
                {
                  "type": "ca_element",
                  "content": {
                    "element_type": "hurried_start",
                    "span": {
                      "start": 833,
                      "end": 836
                    }
                  }
                },
                {
                  "type": "text",
                  "content": "quick"
                }
              ]
            },
            {
              "type": "word",
              "raw_text": "start",
              "cleaned_text": "start",
              "content": [
                {
                  "type": "text",
                  "content": "start"
                }
              ]
            },
            {
              "type": "word",
              "raw_text": "and",
              "cleaned_text": "and",
              "content": [
                {
                  "type": "text",
                  "content": "and"
                }
              ]
            },
            {
              "type": "word",
              "raw_text": "then",
              "cleaned_text": "then",
              "content": [
                {
                  "type": "text",
                  "content": "then"
                }
              ]
            },
            {
              "type": "word",
              "raw_text": "a",
              "cleaned_text": "a",
              "content": [
                {
                  "type": "text",
                  "content": "a"
                }
              ]
            },
            {
              "type": "word",
              "raw_text": "sudden",
              "cleaned_text": "sudden",
              "content": [
                {
                  "type": "text",
                  "content": "sudden"
                }
              ]
            },
            {
              "type": "word",
              "raw_text": "cutoff⤆",
              "cleaned_text": "cutoff",
              "content": [
                {
                  "type": "text",
                  "content": "cutoff"
                },
                {
                  "type": "ca_element",
                  "content": {
                    "element_type": "sudden_stop",
                    "span": {
                      "start": 872,
                      "end": 875
                    }
                  }
                }
              ]
            }
          ],
          "terminator": {
            "type": "period"
          }
        }
      }
    },
    {
      "line_type": "utterance",
      "main": {
        "speaker": "SPK",
        "content": {
          "content": [
            {
              "type": "word",
              "raw_text": "also",
              "cleaned_text": "also",
              "content": [
                {
                  "type": "text",
                  "content": "also"
                }
              ]
            },
            {
              "type": "word",
              "raw_text": "hard⁑ening",
              "cleaned_text": "hardening",
              "content": [
                {
                  "type": "text",
                  "content": "hard"
                },
                {
                  "type": "ca_element",
                  "content": {
                    "element_type": "hardening",
                    "span": {
                      "start": 893,
                      "end": 896
                    }
                  }
                },
                {
                  "type": "text",
                  "content": "ening"
                }
              ]
            },
            {
              "type": "word",
              "raw_text": "inside",
              "cleaned_text": "inside",
              "content": [
                {
                  "type": "text",
                  "content": "inside"
                }
              ]
            },
            {
              "type": "word",
              "raw_text": "a",
              "cleaned_text": "a",
              "content": [
                {
                  "type": "text",
                  "content": "a"
                }
              ]
            },
            {
              "type": "word",
              "raw_text": "word",
              "cleaned_text": "word",
              "content": [
                {
                  "type": "text",
                  "content": "word"
                }
              ]
            }
          ],
          "terminator": {
            "type": "period"
          }
        }
      }
    },
    {
      "line_type": "utterance",
      "main": {
        "speaker": "SPK",
        "content": {
          "content": [
            {
              "type": "word",
              "raw_text": "CA",
              "cleaned_text": "CA",
              "content": [
                {
                  "type": "text",
                  "content": "CA"
                }
              ]
            },
            {
              "type": "word",
              "raw_text": "can",
              "cleaned_text": "can",
              "content": [
                {
                  "type": "text",
                  "content": "can"
                }
              ]
            },
            {
              "type": "word",
              "raw_text": "use",
              "cleaned_text": "use",
              "content": [
                {
                  "type": "text",
                  "content": "use"
                }
              ]
            },
            {
              "type": "word",
              "raw_text": "xx",
              "cleaned_text": "xx",
              "content": [
                {
                  "type": "text",
                  "content": "xx"
                }
              ]
            },
            {
              "type": "separator",
              "kind": "comma"
            },
            {
              "type": "word",
              "raw_text": "XX",
              "cleaned_text": "XX",
              "content": [
                {
                  "type": "text",
                  "content": "XX"
                }
              ]
            },
            {
              "type": "separator",
              "kind": "comma"
            },
            {
              "type": "word",
              "raw_text": "and",
              "cleaned_text": "and",
              "content": [
                {
                  "type": "text",
                  "content": "and"
                }
              ]
            },
            {
              "type": "word",
              "raw_text": "even",
              "cleaned_text": "even",
              "content": [
                {
                  "type": "text",
                  "content": "even"
                }
              ]
            },
            {
              "type": "word",
              "raw_text": "XXX",
              "cleaned_text": "XXX",
              "content": [
                {
                  "type": "text",
                  "content": "XXX"
                }
              ],
              "untranscribed": "unintelligible"
            }
          ],
          "terminator": {
            "type": "period"
          }
        }
      }
    },
    {
      "line_type": "utterance",
      "main": {
        "speaker": "LSN",
        "content": {
          "content": [
            {
              "type": "word",
              "raw_text": "CA",
              "cleaned_text": "CA",
              "content": [
                {
                  "type": "text",
                  "content": "CA"
                }
              ]
            },
            {
              "type": "word",
              "raw_text": "uses",
              "cleaned_text": "uses",
              "content": [
                {
                  "type": "text",
                  "content": "uses"
                }
              ]
            },
            {
              "type": "word",
              "raw_text": "(parens)",
              "cleaned_text": "parens",
              "content": [
                {
                  "type": "text",
                  "content": "parens"
                }
              ],
              "category": "ca_omission"
            },
            {
              "type": "word",
              "raw_text": "for",
              "cleaned_text": "for",
              "content": [
                {
                  "type": "text",
                  "content": "for"
                }
              ]
            },
            {
              "type": "word",
              "raw_text": "uncertain",
              "cleaned_text": "uncertain",
              "content": [
                {
                  "type": "text",
                  "content": "uncertain"
                }
              ]
            },
            {
              "type": "word",
              "raw_text": "words",
              "cleaned_text": "words",
              "content": [
                {
                  "type": "text",
                  "content": "words"
                }
              ]
            }
          ],
          "terminator": {
            "type": "period"
          }
        }
      }
    },
    {
      "line_type": "header",
      "header": {
        "type": "end"
      }
    }
  ],
  "participants": {
    "SPK": {
      "code": "SPK",
      "name": null,
      "role": "Speaker",
      "id": {
        "language": [
          "eng"
        ],
        "corpus": "corpus",
        "speaker": "SPK",
        "role": "Speaker"
      },
      "birth_date": null
    },
    "LSN": {
      "code": "LSN",
      "name": null,
      "role": "Adult",
      "id": {
        "language": [
          "eng"
        ],
        "corpus": "corpus",
        "speaker": "LSN",
        "role": "Adult"
      },
      "birth_date": null
    }
  },
  "languages": [
    "eng"
  ],
  "options": [
    "CA"
  ]
}
