---
source: rust/crates/talkbank-parser-tests/src/snapshot.rs
expression: snapshot
---
{
  "lines": [
    {
      "header": {
        "type": "utf8"
      },
      "line_type": "header"
    },
    {
      "header": {
        "type": "begin"
      },
      "line_type": "header"
    },
    {
      "header": {
        "codes": [
          "eng"
        ],
        "type": "languages"
      },
      "line_type": "header"
    },
    {
      "header": {
        "entries": [
          {
            "name": null,
            "role": "Child",
            "speaker_code": "CHI"
          },
          {
            "name": null,
            "role": "Mother",
            "speaker_code": "MOT"
          }
        ],
        "type": "participants"
      },
      "line_type": "header"
    },
    {
      "header": {
        "age": "1;08.",
        "corpus": "bates",
        "group": "normal",
        "language": "eng",
        "role": "Child",
        "sex": "female",
        "speaker": "CHI",
        "type": "id"
      },
      "line_type": "header"
    },
    {
      "header": {
        "corpus": "bates",
        "language": "eng",
        "role": "Mother",
        "speaker": "MOT",
        "type": "id"
      },
      "line_type": "header"
    },
    {
      "header": {
        "content": {
          "segments": [
            {
              "text": "arbitrary caps in words",
              "type": "text"
            }
          ]
        },
        "type": "comment"
      },
      "line_type": "header"
    },
    {
      "line_type": "utterance",
      "main": {
        "content": {
          "content": [
            {
              "content": [
                {
                  "content": "hey",
                  "type": "text"
                }
              ],
              "raw_text": "hey",
              "span": {
                "end": 191,
                "start": 188
              },
              "type": "word"
            },
            {
              "content": [
                {
                  "content": "man",
                  "type": "text"
                }
              ],
              "raw_text": "man",
              "span": {
                "end": 195,
                "start": 192
              },
              "type": "word"
            },
            {
              "content": [
                {
                  "content": "what",
                  "type": "text"
                }
              ],
              "raw_text": "what",
              "span": {
                "end": 200,
                "start": 196
              },
              "type": "word"
            },
            {
              "content": [
                {
                  "content": "in",
                  "type": "text"
                }
              ],
              "raw_text": "in",
              "span": {
                "end": 203,
                "start": 201
              },
              "type": "word"
            },
            {
              "content": [
                {
                  "content": "the",
                  "type": "text"
                }
              ],
              "raw_text": "the",
              "span": {
                "end": 207,
                "start": 204
              },
              "type": "word"
            },
            {
              "content": [
                {
                  "content": "world",
                  "type": "text"
                }
              ],
              "raw_text": "world",
              "span": {
                "end": 213,
                "start": 208
              },
              "type": "word"
            },
            {
              "content": [
                {
                  "content": "isn't",
                  "type": "text"
                }
              ],
              "raw_text": "isn't",
              "span": {
                "end": 219,
                "start": 214
              },
              "type": "word"
            },
            {
              "content": [
                {
                  "content": "this",
                  "type": "text"
                }
              ],
              "raw_text": "this",
              "span": {
                "end": 224,
                "start": 220
              },
              "type": "word"
            }
          ],
          "terminator": {
            "type": "question"
          }
        },
        "speaker": "CHI"
      }
    },
    {
      "line_type": "utterance",
      "main": {
        "content": {
          "content": [
            {
              "content": [
                {
                  "content": "hey",
                  "type": "text"
                }
              ],
              "raw_text": "hey",
              "span": {
                "end": 236,
                "start": 233
              },
              "type": "word"
            },
            {
              "content": [
                {
                  "content": "man",
                  "type": "text"
                }
              ],
              "raw_text": "man",
              "span": {
                "end": 240,
                "start": 237
              },
              "type": "word"
            },
            {
              "content": [
                {
                  "content": "what",
                  "type": "text"
                }
              ],
              "raw_text": "what",
              "span": {
                "end": 245,
                "start": 241
              },
              "type": "word"
            },
            {
              "content": [
                {
                  "content": "in",
                  "type": "text"
                }
              ],
              "raw_text": "in",
              "span": {
                "end": 248,
                "start": 246
              },
              "type": "word"
            },
            {
              "content": [
                {
                  "content": "the",
                  "type": "text"
                }
              ],
              "raw_text": "the",
              "span": {
                "end": 252,
                "start": 249
              },
              "type": "word"
            },
            {
              "content": [
                {
                  "content": "woRld",
                  "type": "text"
                }
              ],
              "raw_text": "woRld",
              "span": {
                "end": 258,
                "start": 253
              },
              "type": "word"
            },
            {
              "content": [
                {
                  "content": "isn't",
                  "type": "text"
                }
              ],
              "raw_text": "isn't",
              "span": {
                "end": 264,
                "start": 259
              },
              "type": "word"
            },
            {
              "content": [
                {
                  "content": "this",
                  "type": "text"
                }
              ],
              "raw_text": "this",
              "span": {
                "end": 269,
                "start": 265
              },
              "type": "word"
            }
          ],
          "terminator": {
            "type": "question"
          }
        },
        "speaker": "MOT"
      }
    },
    {
      "header": {
        "type": "end"
      },
      "line_type": "header"
    }
  ],
  "participants": {
    "CHI": {
      "birth_date": null,
      "code": "CHI",
      "id": {
        "age": "1;08.",
        "corpus": "bates",
        "group": "normal",
        "language": "eng",
        "role": "Child",
        "sex": "female",
        "speaker": "CHI"
      },
      "name": null,
      "role": "Child"
    },
    "MOT": {
      "birth_date": null,
      "code": "MOT",
      "id": {
        "corpus": "bates",
        "language": "eng",
        "role": "Mother",
        "speaker": "MOT"
      },
      "name": null,
      "role": "Mother"
    }
  }
}
