---
source: rust/crates/talkbank-parser-tests/src/snapshot.rs
expression: snapshot
---
{
  "lines": [
    {
      "header": {
        "type": "utf8"
      },
      "line_type": "header"
    },
    {
      "header": {
        "type": "begin"
      },
      "line_type": "header"
    },
    {
      "header": {
        "codes": [
          "heb"
        ],
        "type": "languages"
      },
      "line_type": "header"
    },
    {
      "header": {
        "entries": [
          {
            "name": "Hagar",
            "role": "Target_Child",
            "speaker_code": "CHI"
          },
          {
            "name": "Mushi",
            "role": "Father",
            "speaker_code": "FAT"
          },
          {
            "name": "Inbal",
            "role": "Mother",
            "speaker_code": "MOT"
          },
          {
            "name": null,
            "role": "Grandmother",
            "speaker_code": "GRA"
          }
        ],
        "type": "participants"
      },
      "line_type": "header"
    },
    {
      "header": {
        "age": "1;07.02",
        "corpus": "BermanLong",
        "language": "heb",
        "role": "Target_Child",
        "sex": "female",
        "speaker": "CHI",
        "type": "id"
      },
      "line_type": "header"
    },
    {
      "header": {
        "corpus": "BermanLong",
        "language": "heb",
        "role": "Father",
        "sex": "male",
        "speaker": "FAT",
        "type": "id"
      },
      "line_type": "header"
    },
    {
      "header": {
        "corpus": "BermanLong",
        "language": "heb",
        "role": "Mother",
        "sex": "female",
        "speaker": "MOT",
        "type": "id"
      },
      "line_type": "header"
    },
    {
      "header": {
        "corpus": "BermanLong",
        "language": "heb",
        "role": "Grandmother",
        "speaker": "GRA",
        "type": "id"
      },
      "line_type": "header"
    },
    {
      "header": {
        "date": "06-JUN-1988",
        "type": "date"
      },
      "line_type": "header"
    },
    {
      "header": {
        "text": "Hagar woke up at 4 o'clock am and her father as well.",
        "type": "situation"
      },
      "line_type": "header"
    },
    {
      "header": {
        "content": {
          "segments": [
            {
              "text": "Utterances are CHI 118, ADU 107",
              "type": "text"
            }
          ]
        },
        "type": "comment"
      },
      "line_type": "header"
    },
    {
      "header": {
        "content": {
          "segments": [
            {
              "text": "[processed by KirCnvrt V1.0]",
              "type": "text"
            }
          ]
        },
        "type": "comment"
      },
      "line_type": "header"
    },
    {
      "header": {
        "activity": "toyplay",
        "design": "long",
        "group": "TD",
        "type": "types"
      },
      "line_type": "header"
    },
    {
      "dependent_tiers": [
        {
          "data": "xam xam .",
          "type": "Ort"
        }
      ],
      "line_type": "utterance",
      "main": {
        "content": {
          "content": [
            {
              "content": [
                {
                  "content": "חם",
                  "type": "text"
                }
              ],
              "raw_text": "חם",
              "span": {
                "end": 508,
                "start": 504
              },
              "type": "word"
            },
            {
              "content": [
                {
                  "content": "חם",
                  "type": "text"
                }
              ],
              "raw_text": "חם",
              "span": {
                "end": 513,
                "start": 509
              },
              "type": "word"
            }
          ],
          "terminator": {
            "type": "period"
          }
        },
        "speaker": "CHI"
      }
    },
    {
      "dependent_tiers": [
        {
          "data": "ken, xam meʔōd .",
          "type": "Ort"
        }
      ],
      "line_type": "utterance",
      "main": {
        "content": {
          "content": [
            {
              "content": [
                {
                  "content": "כן",
                  "type": "text"
                }
              ],
              "raw_text": "כן",
              "span": {
                "end": 542,
                "start": 538
              },
              "type": "word"
            },
            {
              "kind": "comma",
              "type": "separator"
            },
            {
              "content": [
                {
                  "content": "חם",
                  "type": "text"
                }
              ],
              "raw_text": "חם",
              "span": {
                "end": 549,
                "start": 545
              },
              "type": "word"
            },
            {
              "content": [
                {
                  "content": "מאוד",
                  "type": "text"
                }
              ],
              "raw_text": "מאוד",
              "span": {
                "end": 558,
                "start": 550
              },
              "type": "word"
            }
          ],
          "terminator": {
            "type": "period"
          }
        },
        "speaker": "FAT"
      }
    },
    {
      "dependent_tiers": [
        {
          "data": "xam .",
          "type": "Ort"
        }
      ],
      "line_type": "utterance",
      "main": {
        "content": {
          "content": [
            {
              "content": [
                {
                  "content": "חם",
                  "type": "text"
                }
              ],
              "raw_text": "חם",
              "span": {
                "end": 597,
                "start": 593
              },
              "type": "word"
            }
          ],
          "terminator": {
            "type": "period"
          }
        },
        "speaker": "CHI"
      }
    },
    {
      "dependent_tiers": [
        {
          "data": "ʔeš ʔeš ʔeš ʔeš ʔeš ʔeš .",
          "type": "Ort"
        }
      ],
      "line_type": "utterance",
      "main": {
        "content": {
          "content": [
            {
              "content": [
                {
                  "content": "אש",
                  "type": "text"
                }
              ],
              "raw_text": "אש",
              "span": {
                "end": 622,
                "start": 618
              },
              "type": "word"
            },
            {
              "content": [
                {
                  "content": "אש",
                  "type": "text"
                }
              ],
              "raw_text": "אש",
              "span": {
                "end": 627,
                "start": 623
              },
              "type": "word"
            },
            {
              "content": [
                {
                  "content": "אש",
                  "type": "text"
                }
              ],
              "raw_text": "אש",
              "span": {
                "end": 632,
                "start": 628
              },
              "type": "word"
            },
            {
              "content": [
                {
                  "content": "אש",
                  "type": "text"
                }
              ],
              "raw_text": "אש",
              "span": {
                "end": 637,
                "start": 633
              },
              "type": "word"
            },
            {
              "content": [
                {
                  "content": "אש",
                  "type": "text"
                }
              ],
              "raw_text": "אש",
              "span": {
                "end": 642,
                "start": 638
              },
              "type": "word"
            },
            {
              "content": [
                {
                  "content": "אש",
                  "type": "text"
                }
              ],
              "raw_text": "אש",
              "span": {
                "end": 647,
                "start": 643
              },
              "type": "word"
            }
          ],
          "terminator": {
            "type": "period"
          }
        },
        "speaker": "CHI"
      }
    },
    {
      "dependent_tiers": [
        {
          "data": "ʔor .",
          "type": "Ort"
        }
      ],
      "line_type": "utterance",
      "main": {
        "content": {
          "content": [
            {
              "content": [
                {
                  "content": "אור",
                  "type": "text"
                }
              ],
              "raw_text": "אור",
              "span": {
                "end": 712,
                "start": 706
              },
              "type": "word"
            }
          ],
          "terminator": {
            "type": "period"
          }
        },
        "speaker": "CHI"
      }
    },
    {
      "dependent_tiers": [
        {
          "data": "moa@c šamoa@c .",
          "type": "Ort"
        }
      ],
      "line_type": "utterance",
      "main": {
        "content": {
          "content": [
            {
              "content": [
                {
                  "content": "מוה",
                  "type": "text"
                }
              ],
              "form_type": "c",
              "raw_text": "מוה@c",
              "span": {
                "end": 742,
                "start": 734
              },
              "type": "word"
            },
            {
              "content": [
                {
                  "content": "שמוא",
                  "type": "text"
                }
              ],
              "form_type": "c",
              "raw_text": "שמוא@c",
              "span": {
                "end": 753,
                "start": 743
              },
              "type": "word"
            }
          ],
          "terminator": {
            "type": "period"
          }
        },
        "speaker": "CHI"
      }
    },
    {
      "dependent_tiers": [
        {
          "data": "moa@c .",
          "type": "Ort"
        }
      ],
      "line_type": "utterance",
      "main": {
        "content": {
          "content": [
            {
              "content": [
                {
                  "content": "מוה",
                  "type": "text"
                }
              ],
              "form_type": "c",
              "raw_text": "מוה@c",
              "span": {
                "end": 794,
                "start": 786
              },
              "type": "word"
            }
          ],
          "terminator": {
            "type": "period"
          }
        },
        "speaker": "CHI"
      }
    },
    {
      "dependent_tiers": [
        {
          "data": "lemola@c [: lemāʕla] [*] mola@c [: lemāʕla] [*] .",
          "type": "Ort"
        }
      ],
      "line_type": "utterance",
      "main": {
        "content": {
          "content": [
            {
              "replacement": {
                "words": [
                  {
                    "content": [
                      {
                        "content": "למעלה",
                        "type": "text"
                      }
                    ],
                    "raw_text": "למעלה",
                    "span": {
                      "end": 843,
                      "start": 833
                    }
                  }
                ]
              },
              "scoped_annotations": [
                {
                  "code": null,
                  "type": "error"
                }
              ],
              "type": "replaced_word",
              "word": {
                "content": [
                  {
                    "content": "למולה",
                    "type": "text"
                  }
                ],
                "form_type": "c",
                "raw_text": "למולה@c",
                "span": {
                  "end": 829,
                  "start": 817
                }
              }
            },
            {
              "replacement": {
                "words": [
                  {
                    "content": [
                      {
                        "content": "למעלה",
                        "type": "text"
                      }
                    ],
                    "raw_text": "למעלה",
                    "span": {
                      "end": 873,
                      "start": 863
                    }
                  }
                ]
              },
              "scoped_annotations": [
                {
                  "code": null,
                  "type": "error"
                }
              ],
              "type": "replaced_word",
              "word": {
                "content": [
                  {
                    "content": "מולה",
                    "type": "text"
                  }
                ],
                "form_type": "c",
                "raw_text": "מולה@c",
                "span": {
                  "end": 859,
                  "start": 849
                }
              }
            }
          ],
          "terminator": {
            "type": "period"
          }
        },
        "speaker": "CHI"
      }
    },
    {
      "dependent_tiers": [
        {
          "data": "ma ze ?",
          "type": "Ort"
        }
      ],
      "line_type": "utterance",
      "main": {
        "content": {
          "content": [
            {
              "content": [
                {
                  "content": "מה",
                  "type": "text"
                }
              ],
              "raw_text": "מה",
              "span": {
                "end": 953,
                "start": 949
              },
              "type": "word"
            },
            {
              "content": [
                {
                  "content": "זה",
                  "type": "text"
                }
              ],
              "raw_text": "זה",
              "span": {
                "end": 958,
                "start": 954
              },
              "type": "word"
            }
          ],
          "terminator": {
            "type": "question"
          }
        },
        "speaker": "CHI"
      }
    },
    {
      "dependent_tiers": [
        {
          "data": "aye@c [: ʔaryē] [*] .",
          "type": "Ort"
        }
      ],
      "line_type": "utterance",
      "main": {
        "content": {
          "content": [
            {
              "replacement": {
                "words": [
                  {
                    "content": [
                      {
                        "content": "אריה",
                        "type": "text"
                      }
                    ],
                    "raw_text": "אריה",
                    "span": {
                      "end": 1001,
                      "start": 993
                    }
                  }
                ]
              },
              "scoped_annotations": [
                {
                  "code": null,
                  "type": "error"
                }
              ],
              "type": "replaced_word",
              "word": {
                "content": [
                  {
                    "content": "איה",
                    "type": "text"
                  }
                ],
                "form_type": "c",
                "raw_text": "איה@c",
                "span": {
                  "end": 989,
                  "start": 981
                }
              }
            }
          ],
          "terminator": {
            "type": "period"
          }
        },
        "speaker": "CHI"
      }
    },
    {
      "dependent_tiers": [
        {
          "data": "aye@c [: ʔaryē] [*] .",
          "type": "Ort"
        }
      ],
      "line_type": "utterance",
      "main": {
        "content": {
          "content": [
            {
              "replacement": {
                "words": [
                  {
                    "content": [
                      {
                        "content": "אריה",
                        "type": "text"
                      }
                    ],
                    "raw_text": "אריה",
                    "span": {
                      "end": 1066,
                      "start": 1058
                    }
                  }
                ]
              },
              "scoped_annotations": [
                {
                  "code": null,
                  "type": "error"
                }
              ],
              "type": "replaced_word",
              "word": {
                "content": [
                  {
                    "content": "איה",
                    "type": "text"
                  }
                ],
                "form_type": "c",
                "raw_text": "איה@c",
                "span": {
                  "end": 1054,
                  "start": 1046
                }
              }
            }
          ],
          "terminator": {
            "type": "period"
          }
        },
        "speaker": "CHI"
      }
    },
    {
      "dependent_tiers": [
        {
          "data": "ha@o ha@o !",
          "type": "Ort"
        }
      ],
      "line_type": "utterance",
      "main": {
        "content": {
          "content": [
            {
              "content": [
                {
                  "content": "הה",
                  "type": "text"
                }
              ],
              "form_type": "o",
              "raw_text": "הה@o",
              "span": {
                "end": 1117,
                "start": 1111
              },
              "type": "word"
            },
            {
              "content": [
                {
                  "content": "הה",
                  "type": "text"
                }
              ],
              "form_type": "o",
              "raw_text": "הה@o",
              "span": {
                "end": 1124,
                "start": 1118
              },
              "type": "word"
            }
          ],
          "terminator": {
            "type": "exclamation"
          }
        },
        "speaker": "CHI"
      }
    },
    {
      "header": {
        "type": "end"
      },
      "line_type": "header"
    }
  ],
  "participants": {
    "CHI": {
      "birth_date": null,
      "code": "CHI",
      "id": {
        "age": "1;07.02",
        "corpus": "BermanLong",
        "language": "heb",
        "role": "Target_Child",
        "sex": "female",
        "speaker": "CHI"
      },
      "name": "Hagar",
      "role": "Target_Child"
    },
    "FAT": {
      "birth_date": null,
      "code": "FAT",
      "id": {
        "corpus": "BermanLong",
        "language": "heb",
        "role": "Father",
        "sex": "male",
        "speaker": "FAT"
      },
      "name": "Mushi",
      "role": "Father"
    },
    "GRA": {
      "birth_date": null,
      "code": "GRA",
      "id": {
        "corpus": "BermanLong",
        "language": "heb",
        "role": "Grandmother",
        "speaker": "GRA"
      },
      "name": null,
      "role": "Grandmother"
    },
    "MOT": {
      "birth_date": null,
      "code": "MOT",
      "id": {
        "corpus": "BermanLong",
        "language": "heb",
        "role": "Mother",
        "sex": "female",
        "speaker": "MOT"
      },
      "name": "Inbal",
      "role": "Mother"
    }
  }
}
