---
source: crates/talkbank-parser-tests/src/snapshot.rs
expression: snapshot
---
{
  "languages": [
    "fra"
  ],
  "lines": [
    {
      "header": {
        "type": "utf8"
      },
      "line_type": "header"
    },
    {
      "header": {
        "type": "begin"
      },
      "line_type": "header"
    },
    {
      "header": {
        "codes": [
          "fra"
        ],
        "type": "languages"
      },
      "line_type": "header"
    },
    {
      "header": {
        "entries": [
          {
            "name": null,
            "role": "Teacher",
            "speaker_code": "SOF"
          },
          {
            "name": null,
            "role": "Target_Child",
            "speaker_code": "CHI"
          }
        ],
        "type": "participants"
      },
      "line_type": "header"
    },
    {
      "header": {
        "corpus": "Palasis",
        "language": [
          "fra"
        ],
        "role": "Teacher",
        "speaker": "SOF",
        "type": "id"
      },
      "line_type": "header"
    },
    {
      "header": {
        "age": "2;08.18",
        "corpus": "Palasis",
        "language": [
          "fra"
        ],
        "role": "Target_Child",
        "sex": "male",
        "speaker": "CHI",
        "type": "id"
      },
      "line_type": "header"
    },
    {
      "header": {
        "filename": "french-child-speech",
        "media_type": "audio",
        "type": "media"
      },
      "line_type": "header"
    },
    {
      "header": {
        "date": "10-NOV-2006",
        "type": "date"
      },
      "line_type": "header"
    },
    {
      "header": {
        "content": {
          "segments": [
            {
              "text": "French child speech with audio, %mor, %gra, %wor tiers",
              "type": "text"
            }
          ]
        },
        "type": "comment"
      },
      "line_type": "header"
    },
    {
      "header": {
        "content": {
          "segments": [
            {
              "text": "Constructs: audio-linked file with word-level timing",
              "type": "text"
            }
          ]
        },
        "type": "comment"
      },
      "line_type": "header"
    },
    {
      "dependent_tiers": [
        {
          "data": {
            "items": [
              {
                "main": {
                  "lemma": "lescargot",
                  "pos": "propn"
                }
              },
              {
                "main": {
                  "features": [
                    "Fin",
                    "Ind",
                    "Pres",
                    "S3"
                  ],
                  "lemma": "dormir",
                  "pos": "verb"
                }
              },
              {
                "main": {
                  "lemma": "parce",
                  "pos": "adv"
                }
              },
              {
                "main": {
                  "lemma": "quil",
                  "pos": "sconj"
                }
              },
              {
                "main": {
                  "features": [
                    "Fin",
                    "Ind",
                    "Pres",
                    "S3"
                  ],
                  "lemma": "faire",
                  "pos": "verb"
                }
              },
              {
                "main": {
                  "features": [
                    "S1"
                  ],
                  "lemma": "beau",
                  "pos": "adj"
                }
              },
              {
                "main": {
                  "lemma": "dehors",
                  "pos": "adv"
                }
              }
            ],
            "terminator": ".",
            "tier_type": "Mor"
          },
          "type": "Mor"
        },
        {
          "data": {
            "relations": [
              {
                "head": 2,
                "index": 1,
                "relation": "NSUBJ"
              },
              {
                "head": 0,
                "index": 2,
                "relation": "ROOT"
              },
              {
                "head": 5,
                "index": 3,
                "relation": "MARK"
              },
              {
                "head": 3,
                "index": 4,
                "relation": "FIXED"
              },
              {
                "head": 2,
                "index": 5,
                "relation": "ADVCL"
              },
              {
                "head": 5,
                "index": 6,
                "relation": "XCOMP"
              },
              {
                "head": 5,
                "index": 7,
                "relation": "ADVMOD"
              },
              {
                "head": 2,
                "index": 8,
                "relation": "PUNCT"
              }
            ],
            "tier_type": "Gra"
          },
          "type": "Gra"
        },
        {
          "data": {
            "bullet": null,
            "items": [
              {
                "cleaned_text": "l'escargot",
                "content": [
                  {
                    "content": "l'escargot",
                    "type": "text"
                  }
                ],
                "inline_bullet": {
                  "end_ms": 3570,
                  "start_ms": 2930
                },
                "kind": "word",
                "raw_text": "l'escargot"
              },
              {
                "cleaned_text": "dort",
                "content": [
                  {
                    "content": "dort",
                    "type": "text"
                  }
                ],
                "inline_bullet": {
                  "end_ms": 4290,
                  "start_ms": 3570
                },
                "kind": "word",
                "raw_text": "dort"
              },
              {
                "cleaned_text": "parce",
                "content": [
                  {
                    "content": "parce",
                    "type": "text"
                  }
                ],
                "inline_bullet": {
                  "end_ms": 5710,
                  "start_ms": 4290
                },
                "kind": "word",
                "raw_text": "parce"
              },
              {
                "cleaned_text": "qu'il",
                "content": [
                  {
                    "content": "qu'il",
                    "type": "text"
                  }
                ],
                "inline_bullet": {
                  "end_ms": 6130,
                  "start_ms": 5710
                },
                "kind": "word",
                "raw_text": "qu'il"
              },
              {
                "cleaned_text": "fait",
                "content": [
                  {
                    "content": "fait",
                    "type": "text"
                  }
                ],
                "inline_bullet": {
                  "end_ms": 6330,
                  "start_ms": 6130
                },
                "kind": "word",
                "raw_text": "fait"
              },
              {
                "cleaned_text": "beau",
                "content": [
                  {
                    "content": "beau",
                    "type": "text"
                  }
                ],
                "inline_bullet": {
                  "end_ms": 6770,
                  "start_ms": 6330
                },
                "kind": "word",
                "raw_text": "beau"
              },
              {
                "cleaned_text": "dehors",
                "content": [
                  {
                    "content": "dehors",
                    "type": "text"
                  }
                ],
                "inline_bullet": {
                  "end_ms": 7293,
                  "start_ms": 6770
                },
                "kind": "word",
                "raw_text": "dehors"
              }
            ],
            "language_code": null,
            "terminator": {
              "type": "period"
            }
          },
          "type": "Wor"
        }
      ],
      "line_type": "utterance",
      "main": {
        "content": {
          "bullet": {
            "end_ms": 7293,
            "start_ms": 2930
          },
          "content": [
            {
              "cleaned_text": "l'escargot",
              "content": [
                {
                  "content": "l'escargot",
                  "type": "text"
                }
              ],
              "raw_text": "l'escargot",
              "type": "word"
            },
            {
              "cleaned_text": "dort",
              "content": [
                {
                  "content": "dort",
                  "type": "text"
                }
              ],
              "raw_text": "dort",
              "type": "word"
            },
            {
              "cleaned_text": "parce",
              "content": [
                {
                  "content": "parc",
                  "type": "text"
                },
                {
                  "content": "e",
                  "type": "shortening"
                }
              ],
              "raw_text": "parc(e)",
              "type": "word"
            },
            {
              "cleaned_text": "qu'il",
              "content": [
                {
                  "content": "qu'il",
                  "type": "text"
                }
              ],
              "raw_text": "qu'il",
              "type": "word"
            },
            {
              "cleaned_text": "fait",
              "content": [
                {
                  "content": "fait",
                  "type": "text"
                }
              ],
              "raw_text": "fait",
              "type": "word"
            },
            {
              "cleaned_text": "beau",
              "content": [
                {
                  "content": "beau",
                  "type": "text"
                }
              ],
              "raw_text": "beau",
              "type": "word"
            },
            {
              "cleaned_text": "dehors",
              "content": [
                {
                  "content": "dehors",
                  "type": "text"
                }
              ],
              "raw_text": "dehors",
              "type": "word"
            }
          ],
          "terminator": {
            "type": "period"
          }
        },
        "speaker": "SOF"
      }
    },
    {
      "dependent_tiers": [
        {
          "data": {
            "items": [
              {
                "main": {
                  "features": [
                    "Masc",
                    "Ind",
                    "Art",
                    "Sing"
                  ],
                  "lemma": "un",
                  "pos": "det"
                }
              },
              {
                "main": {
                  "features": [
                    "Masc"
                  ],
                  "lemma": "nuage",
                  "pos": "noun"
                }
              },
              {
                "main": {
                  "features": [
                    "Fin",
                    "Ind",
                    "Pres",
                    "S3"
                  ],
                  "lemma": "arriver",
                  "pos": "verb"
                }
              },
              {
                "main": {
                  "lemma": "et",
                  "pos": "cconj"
                }
              },
              {
                "main": {
                  "features": [
                    "Fin",
                    "Ind",
                    "Pres",
                    "S3"
                  ],
                  "lemma": "faire",
                  "pos": "aux"
                }
              },
              {
                "main": {
                  "features": [
                    "Inf",
                    "S"
                  ],
                  "lemma": "tomber",
                  "pos": "verb"
                }
              },
              {
                "main": {
                  "features": [
                    "Fem",
                    "Def",
                    "Art",
                    "Sing"
                  ],
                  "lemma": "le",
                  "pos": "det"
                }
              },
              {
                "main": {
                  "features": [
                    "Fem",
                    "Acc"
                  ],
                  "lemma": "pluie",
                  "pos": "noun"
                }
              }
            ],
            "terminator": "!",
            "tier_type": "Mor"
          },
          "type": "Mor"
        },
        {
          "data": {
            "relations": [
              {
                "head": 2,
                "index": 1,
                "relation": "DET"
              },
              {
                "head": 3,
                "index": 2,
                "relation": "NSUBJ"
              },
              {
                "head": 0,
                "index": 3,
                "relation": "ROOT"
              },
              {
                "head": 6,
                "index": 4,
                "relation": "CC"
              },
              {
                "head": 6,
                "index": 5,
                "relation": "AUX-CAUS"
              },
              {
                "head": 3,
                "index": 6,
                "relation": "CONJ"
              },
              {
                "head": 8,
                "index": 7,
                "relation": "DET"
              },
              {
                "head": 6,
                "index": 8,
                "relation": "OBJ"
              },
              {
                "head": 3,
                "index": 9,
                "relation": "PUNCT"
              }
            ],
            "tier_type": "Gra"
          },
          "type": "Gra"
        },
        {
          "data": {
            "bullet": null,
            "items": [
              {
                "cleaned_text": "un",
                "content": [
                  {
                    "content": "un",
                    "type": "text"
                  }
                ],
                "inline_bullet": {
                  "end_ms": 10190,
                  "start_ms": 9996
                },
                "kind": "word",
                "raw_text": "un"
              },
              {
                "cleaned_text": "nuage",
                "content": [
                  {
                    "content": "nuage",
                    "type": "text"
                  }
                ],
                "inline_bullet": {
                  "end_ms": 11030,
                  "start_ms": 10190
                },
                "kind": "word",
                "raw_text": "nuage"
              },
              {
                "cleaned_text": "arrive",
                "content": [
                  {
                    "content": "arrive",
                    "type": "text"
                  }
                ],
                "inline_bullet": {
                  "end_ms": 11610,
                  "start_ms": 11030
                },
                "kind": "word",
                "raw_text": "arrive"
              },
              {
                "cleaned_text": "et",
                "content": [
                  {
                    "content": "et",
                    "type": "text"
                  }
                ],
                "inline_bullet": {
                  "end_ms": 13010,
                  "start_ms": 11610
                },
                "kind": "word",
                "raw_text": "et"
              },
              {
                "cleaned_text": "fait",
                "content": [
                  {
                    "content": "fait",
                    "type": "text"
                  }
                ],
                "inline_bullet": {
                  "end_ms": 13170,
                  "start_ms": 13010
                },
                "kind": "word",
                "raw_text": "fait"
              },
              {
                "cleaned_text": "tomber",
                "content": [
                  {
                    "content": "tomber",
                    "type": "text"
                  }
                ],
                "inline_bullet": {
                  "end_ms": 13710,
                  "start_ms": 13170
                },
                "kind": "word",
                "raw_text": "tomber"
              },
              {
                "cleaned_text": "la",
                "content": [
                  {
                    "content": "la",
                    "type": "text"
                  }
                ],
                "inline_bullet": {
                  "end_ms": 13990,
                  "start_ms": 13710
                },
                "kind": "word",
                "raw_text": "la"
              },
              {
                "cleaned_text": "pluie",
                "content": [
                  {
                    "content": "pluie",
                    "type": "text"
                  }
                ],
                "inline_bullet": {
                  "end_ms": 14239,
                  "start_ms": 13990
                },
                "kind": "word",
                "raw_text": "pluie"
              }
            ],
            "language_code": null,
            "terminator": {
              "type": "exclamation"
            }
          },
          "type": "Wor"
        }
      ],
      "line_type": "utterance",
      "main": {
        "content": {
          "bullet": {
            "end_ms": 14239,
            "start_ms": 9996
          },
          "content": [
            {
              "cleaned_text": "un",
              "content": [
                {
                  "content": "un",
                  "type": "text"
                }
              ],
              "raw_text": "un",
              "type": "word"
            },
            {
              "cleaned_text": "nuage",
              "content": [
                {
                  "content": "nuage",
                  "type": "text"
                }
              ],
              "raw_text": "nuage",
              "type": "word"
            },
            {
              "cleaned_text": "arrive",
              "content": [
                {
                  "content": "arrive",
                  "type": "text"
                }
              ],
              "raw_text": "arrive",
              "type": "word"
            },
            {
              "cleaned_text": "et",
              "content": [
                {
                  "content": "et",
                  "type": "text"
                }
              ],
              "raw_text": "et",
              "type": "word"
            },
            {
              "cleaned_text": "fait",
              "content": [
                {
                  "content": "fait",
                  "type": "text"
                }
              ],
              "raw_text": "fait",
              "type": "word"
            },
            {
              "cleaned_text": "tomber",
              "content": [
                {
                  "content": "tomber",
                  "type": "text"
                }
              ],
              "raw_text": "tomber",
              "type": "word"
            },
            {
              "cleaned_text": "la",
              "content": [
                {
                  "content": "la",
                  "type": "text"
                }
              ],
              "raw_text": "la",
              "type": "word"
            },
            {
              "cleaned_text": "pluie",
              "content": [
                {
                  "content": "pluie",
                  "type": "text"
                }
              ],
              "raw_text": "pluie",
              "type": "word"
            }
          ],
          "terminator": {
            "type": "exclamation"
          }
        },
        "speaker": "SOF"
      }
    },
    {
      "header": {
        "type": "end"
      },
      "line_type": "header"
    }
  ],
  "media": {
    "filename": "french-child-speech",
    "media_type": "audio"
  },
  "options": [],
  "participants": {
    "CHI": {
      "birth_date": null,
      "code": "CHI",
      "id": {
        "age": "2;08.18",
        "corpus": "Palasis",
        "language": [
          "fra"
        ],
        "role": "Target_Child",
        "sex": "male",
        "speaker": "CHI"
      },
      "name": null,
      "role": "Target_Child"
    },
    "SOF": {
      "birth_date": null,
      "code": "SOF",
      "id": {
        "corpus": "Palasis",
        "language": [
          "fra"
        ],
        "role": "Teacher",
        "speaker": "SOF"
      },
      "name": null,
      "role": "Teacher"
    }
  }
}
