---
source: rust/crates/talkbank-parser-tests/src/snapshot.rs
expression: snapshot
---
{
  "lines": [
    {
      "header": {
        "type": "utf8"
      },
      "line_type": "header"
    },
    {
      "header": {
        "type": "begin"
      },
      "line_type": "header"
    },
    {
      "header": {
        "codes": [
          "eng"
        ],
        "type": "languages"
      },
      "line_type": "header"
    },
    {
      "header": {
        "entries": [
          {
            "name": null,
            "role": "Child",
            "speaker_code": "CHI"
          },
          {
            "name": null,
            "role": "Mother",
            "speaker_code": "MOT"
          }
        ],
        "type": "participants"
      },
      "line_type": "header"
    },
    {
      "header": {
        "age": "1;08.",
        "corpus": "bates",
        "group": "normal",
        "language": "eng",
        "role": "Child",
        "sex": "female",
        "speaker": "CHI",
        "type": "id"
      },
      "line_type": "header"
    },
    {
      "header": {
        "corpus": "bates",
        "language": "eng",
        "role": "Mother",
        "speaker": "MOT",
        "type": "id"
      },
      "line_type": "header"
    },
    {
      "header": {
        "activity": "interview",
        "design": "long",
        "group": "TD",
        "type": "types"
      },
      "line_type": "header"
    },
    {
      "header": {
        "content": {
          "segments": [
            {
              "text": "Illustrate the Types header with spaces around commas",
              "type": "text"
            }
          ]
        },
        "type": "comment"
      },
      "line_type": "header"
    },
    {
      "line_type": "utterance",
      "main": {
        "content": {
          "content": [
            {
              "content": [
                {
                  "content": "hey",
                  "type": "text"
                }
              ],
              "raw_text": "hey",
              "span": {
                "end": 251,
                "start": 248
              },
              "type": "word"
            },
            {
              "content": [
                {
                  "content": "man",
                  "type": "text"
                }
              ],
              "raw_text": "man",
              "span": {
                "end": 255,
                "start": 252
              },
              "type": "word"
            },
            {
              "content": [
                {
                  "content": "what",
                  "type": "text"
                }
              ],
              "raw_text": "what",
              "span": {
                "end": 260,
                "start": 256
              },
              "type": "word"
            },
            {
              "content": [
                {
                  "content": "in",
                  "type": "text"
                }
              ],
              "raw_text": "in",
              "span": {
                "end": 263,
                "start": 261
              },
              "type": "word"
            },
            {
              "content": [
                {
                  "content": "the",
                  "type": "text"
                }
              ],
              "raw_text": "the",
              "span": {
                "end": 267,
                "start": 264
              },
              "type": "word"
            },
            {
              "content": [
                {
                  "content": "world",
                  "type": "text"
                }
              ],
              "raw_text": "world",
              "span": {
                "end": 273,
                "start": 268
              },
              "type": "word"
            },
            {
              "content": [
                {
                  "content": "isn't",
                  "type": "text"
                }
              ],
              "raw_text": "isn't",
              "span": {
                "end": 279,
                "start": 274
              },
              "type": "word"
            },
            {
              "content": [
                {
                  "content": "this",
                  "type": "text"
                }
              ],
              "raw_text": "this",
              "span": {
                "end": 284,
                "start": 280
              },
              "type": "word"
            },
            {
              "replacement": {
                "words": [
                  {
                    "content": [
                      {
                        "content": "going",
                        "type": "text"
                      }
                    ],
                    "raw_text": "going",
                    "span": {
                      "end": 299,
                      "start": 294
                    }
                  },
                  {
                    "content": [
                      {
                        "content": "to",
                        "type": "text"
                      }
                    ],
                    "raw_text": "to",
                    "span": {
                      "end": 302,
                      "start": 300
                    }
                  }
                ]
              },
              "type": "replaced_word",
              "word": {
                "content": [
                  {
                    "content": "gonna",
                    "type": "text"
                  }
                ],
                "raw_text": "gonna",
                "span": {
                  "end": 290,
                  "start": 285
                }
              }
            }
          ],
          "terminator": {
            "type": "question"
          }
        },
        "speaker": "CHI"
      }
    },
    {
      "line_type": "utterance",
      "main": {
        "content": {
          "content": [
            {
              "content": [
                {
                  "content": "hey",
                  "type": "text"
                }
              ],
              "raw_text": "hey",
              "span": {
                "end": 315,
                "start": 312
              },
              "type": "word"
            },
            {
              "content": [
                {
                  "content": "a/c",
                  "type": "text"
                }
              ],
              "raw_text": "a/c",
              "span": {
                "end": 319,
                "start": 316
              },
              "type": "word"
            },
            {
              "content": [
                {
                  "content": "what",
                  "type": "text"
                }
              ],
              "raw_text": "what",
              "span": {
                "end": 324,
                "start": 320
              },
              "type": "word"
            },
            {
              "content": [
                {
                  "content": "in",
                  "type": "text"
                }
              ],
              "raw_text": "in",
              "span": {
                "end": 327,
                "start": 325
              },
              "type": "word"
            },
            {
              "content": [
                {
                  "content": "the",
                  "type": "text"
                }
              ],
              "raw_text": "the",
              "span": {
                "end": 331,
                "start": 328
              },
              "type": "word"
            },
            {
              "content": [
                {
                  "content": "universe",
                  "type": "text"
                }
              ],
              "raw_text": "universe",
              "span": {
                "end": 340,
                "start": 332
              },
              "type": "word"
            },
            {
              "content": [
                {
                  "content": "is",
                  "type": "text"
                }
              ],
              "raw_text": "is",
              "span": {
                "end": 343,
                "start": 341
              },
              "type": "word"
            },
            {
              "content": [
                {
                  "content": "in",
                  "type": "text"
                }
              ],
              "raw_text": "in",
              "span": {
                "end": 346,
                "start": 344
              },
              "type": "word"
            },
            {
              "content": [
                {
                  "content": "this",
                  "type": "text"
                }
              ],
              "raw_text": "this",
              "span": {
                "end": 351,
                "start": 347
              },
              "type": "word"
            },
            {
              "content": [
                {
                  "content": "fé",
                  "type": "text"
                }
              ],
              "raw_text": "fé",
              "span": {
                "end": 355,
                "start": 352
              },
              "type": "word"
            }
          ],
          "terminator": {
            "type": "question"
          }
        },
        "speaker": "MOT"
      }
    },
    {
      "header": {
        "type": "end"
      },
      "line_type": "header"
    }
  ],
  "participants": {
    "CHI": {
      "birth_date": null,
      "code": "CHI",
      "id": {
        "age": "1;08.",
        "corpus": "bates",
        "group": "normal",
        "language": "eng",
        "role": "Child",
        "sex": "female",
        "speaker": "CHI"
      },
      "name": null,
      "role": "Child"
    },
    "MOT": {
      "birth_date": null,
      "code": "MOT",
      "id": {
        "corpus": "bates",
        "language": "eng",
        "role": "Mother",
        "speaker": "MOT"
      },
      "name": null,
      "role": "Mother"
    }
  }
}
