---
source: crates/talkbank-parser-tests/src/snapshot.rs
expression: snapshot
---
{
  "languages": [
    "eng"
  ],
  "lines": [
    {
      "header": {
        "type": "utf8"
      },
      "line_type": "header"
    },
    {
      "header": {
        "type": "begin"
      },
      "line_type": "header"
    },
    {
      "header": {
        "codes": [
          "eng"
        ],
        "type": "languages"
      },
      "line_type": "header"
    },
    {
      "header": {
        "entries": [
          {
            "name": null,
            "role": "Speaker",
            "speaker_code": "SPK"
          },
          {
            "name": null,
            "role": "Adult",
            "speaker_code": "LSN"
          }
        ],
        "type": "participants"
      },
      "line_type": "header"
    },
    {
      "header": {
        "options": [
          "CA"
        ],
        "type": "options"
      },
      "line_type": "header"
    },
    {
      "header": {
        "corpus": "corpus",
        "language": "eng",
        "role": "Speaker",
        "speaker": "SPK",
        "type": "id"
      },
      "line_type": "header"
    },
    {
      "header": {
        "corpus": "corpus",
        "language": "eng",
        "role": "Adult",
        "speaker": "LSN",
        "type": "id"
      },
      "line_type": "header"
    },
    {
      "header": {
        "content": {
          "segments": [
            {
              "text": "CA diacritics: blocking, pitch, inhalation, constriction, laugh in word,",
              "type": "text"
            },
            {
              "type": "continuation"
            },
            {
              "text": "segment repetition, quality delimiters (faster, slower, creaky, soft, etc.)",
              "type": "text"
            }
          ]
        },
        "type": "comment"
      },
      "line_type": "header"
    },
    {
      "header": {
        "content": {
          "segments": [
            {
              "text": "Constructs: nonvocal_simple, CA inline diacritics,",
              "type": "text"
            },
            {
              "type": "continuation"
            },
            {
              "text": "quality delimiter pairs (all 12)",
              "type": "text"
            }
          ]
        },
        "type": "comment"
      },
      "line_type": "header"
    },
    {
      "line_type": "utterance",
      "main": {
        "content": {
          "content": [
            {
              "cleaned_text": "rub-b-bbber",
              "content": [
                {
                  "content": "rub-b-b",
                  "type": "text"
                },
                {
                  "content": {
                    "element_type": "blocked_segments",
                    "span": {
                      "end": 419,
                      "start": 416
                    }
                  },
                  "type": "ca_element"
                },
                {
                  "content": "bber",
                  "type": "text"
                }
              ],
              "raw_text": "rub-b-b≠bber",
              "type": "word"
            },
            {
              "cleaned_text": "is",
              "content": [
                {
                  "content": "is",
                  "type": "text"
                }
              ],
              "raw_text": "is",
              "type": "word"
            },
            {
              "cleaned_text": "blocked",
              "content": [
                {
                  "content": "blocked",
                  "type": "text"
                }
              ],
              "raw_text": "blocked",
              "type": "word"
            }
          ],
          "terminator": {
            "type": "period"
          }
        },
        "speaker": "SPK"
      }
    },
    {
      "line_type": "utterance",
      "main": {
        "content": {
          "content": [
            {
              "cleaned_text": "pitch",
              "content": [
                {
                  "content": "p",
                  "type": "text"
                },
                {
                  "content": {
                    "element_type": "pitch_up",
                    "span": {
                      "end": 447,
                      "start": 444
                    }
                  },
                  "type": "ca_element"
                },
                {
                  "content": "itch",
                  "type": "text"
                }
              ],
              "raw_text": "p↑itch",
              "type": "word"
            },
            {
              "cleaned_text": "up",
              "content": [
                {
                  "content": "up",
                  "type": "text"
                }
              ],
              "raw_text": "up",
              "type": "word"
            },
            {
              "cleaned_text": "and",
              "content": [
                {
                  "content": "and",
                  "type": "text"
                }
              ],
              "raw_text": "and",
              "type": "word"
            },
            {
              "cleaned_text": "pitch",
              "content": [
                {
                  "content": "p",
                  "type": "text"
                },
                {
                  "content": {
                    "element_type": "pitch_down",
                    "span": {
                      "end": 463,
                      "start": 460
                    }
                  },
                  "type": "ca_element"
                },
                {
                  "content": "itch",
                  "type": "text"
                }
              ],
              "raw_text": "p↓itch",
              "type": "word"
            },
            {
              "cleaned_text": "down",
              "content": [
                {
                  "content": "down",
                  "type": "text"
                }
              ],
              "raw_text": "down",
              "type": "word"
            }
          ],
          "terminator": {
            "type": "period"
          }
        },
        "speaker": "SPK"
      }
    },
    {
      "line_type": "utterance",
      "main": {
        "content": {
          "content": [
            {
              "cleaned_text": "inhalation",
              "content": [
                {
                  "content": "in",
                  "type": "text"
                },
                {
                  "content": {
                    "element_type": "inhalation",
                    "span": {
                      "end": 486,
                      "start": 483
                    }
                  },
                  "type": "ca_element"
                },
                {
                  "content": "halation",
                  "type": "text"
                }
              ],
              "raw_text": "in∙halation",
              "type": "word"
            },
            {
              "cleaned_text": "and",
              "content": [
                {
                  "content": "and",
                  "type": "text"
                }
              ],
              "raw_text": "and",
              "type": "word"
            },
            {
              "cleaned_text": "constriction",
              "content": [
                {
                  "content": "constriction",
                  "type": "text"
                },
                {
                  "content": {
                    "element_type": "constriction",
                    "span": {
                      "end": 514,
                      "start": 511
                    }
                  },
                  "type": "ca_element"
                }
              ],
              "raw_text": "constriction∾",
              "type": "word"
            },
            {
              "cleaned_text": "and",
              "content": [
                {
                  "content": "and",
                  "type": "text"
                }
              ],
              "raw_text": "and",
              "type": "word"
            },
            {
              "cleaned_text": "laugh",
              "content": [
                {
                  "content": "lau",
                  "type": "text"
                },
                {
                  "content": {
                    "element_type": "laugh_in_word",
                    "span": {
                      "end": 525,
                      "start": 522
                    }
                  },
                  "type": "ca_element"
                },
                {
                  "content": "gh",
                  "type": "text"
                }
              ],
              "raw_text": "lauἩgh",
              "type": "word"
            }
          ],
          "terminator": {
            "type": "period"
          }
        },
        "speaker": "SPK"
      }
    },
    {
      "line_type": "utterance",
      "main": {
        "content": {
          "content": [
            {
              "cleaned_text": "pitch",
              "content": [
                {
                  "content": {
                    "element_type": "pitch_reset",
                    "span": {
                      "end": 539,
                      "start": 536
                    }
                  },
                  "type": "ca_element"
                },
                {
                  "content": "pitch",
                  "type": "text"
                }
              ],
              "raw_text": "↻pitch",
              "type": "word"
            },
            {
              "cleaned_text": "reset",
              "content": [
                {
                  "content": "reset",
                  "type": "text"
                }
              ],
              "raw_text": "reset",
              "type": "word"
            },
            {
              "cleaned_text": "here",
              "content": [
                {
                  "content": "here",
                  "type": "text"
                }
              ],
              "raw_text": "here",
              "type": "word"
            }
          ],
          "terminator": {
            "type": "period"
          }
        },
        "speaker": "SPK"
      }
    },
    {
      "line_type": "utterance",
      "main": {
        "content": {
          "content": [
            {
              "cleaned_text": "s-s-ssegment",
              "content": [
                {
                  "content": {
                    "delimiter_type": "segment_repetition",
                    "span": {
                      "end": 567,
                      "start": 564
                    }
                  },
                  "type": "ca_delimiter"
                },
                {
                  "content": "s-s-s",
                  "type": "text"
                },
                {
                  "content": {
                    "delimiter_type": "segment_repetition",
                    "span": {
                      "end": 575,
                      "start": 572
                    }
                  },
                  "type": "ca_delimiter"
                },
                {
                  "content": "segment",
                  "type": "text"
                }
              ],
              "raw_text": "↫s-s-s↫segment",
              "type": "word"
            },
            {
              "cleaned_text": "repetition",
              "content": [
                {
                  "content": "repetition",
                  "type": "text"
                }
              ],
              "raw_text": "repetition",
              "type": "word"
            }
          ],
          "terminator": {
            "type": "period"
          }
        },
        "speaker": "SPK"
      }
    },
    {
      "line_type": "utterance",
      "main": {
        "content": {
          "content": [
            {
              "cleaned_text": "faster",
              "content": [
                {
                  "content": {
                    "delimiter_type": "faster",
                    "span": {
                      "end": 605,
                      "start": 602
                    }
                  },
                  "type": "ca_delimiter"
                },
                {
                  "content": "faster",
                  "type": "text"
                },
                {
                  "content": {
                    "delimiter_type": "faster",
                    "span": {
                      "end": 614,
                      "start": 611
                    }
                  },
                  "type": "ca_delimiter"
                }
              ],
              "raw_text": "∆faster∆",
              "type": "word"
            },
            {
              "cleaned_text": "and",
              "content": [
                {
                  "content": "and",
                  "type": "text"
                }
              ],
              "raw_text": "and",
              "type": "word"
            },
            {
              "cleaned_text": "slower",
              "content": [
                {
                  "content": {
                    "delimiter_type": "slower",
                    "span": {
                      "end": 622,
                      "start": 619
                    }
                  },
                  "type": "ca_delimiter"
                },
                {
                  "content": "slower",
                  "type": "text"
                },
                {
                  "content": {
                    "delimiter_type": "slower",
                    "span": {
                      "end": 631,
                      "start": 628
                    }
                  },
                  "type": "ca_delimiter"
                }
              ],
              "raw_text": "∇slower∇",
              "type": "word"
            },
            {
              "cleaned_text": "and",
              "content": [
                {
                  "content": "and",
                  "type": "text"
                }
              ],
              "raw_text": "and",
              "type": "word"
            },
            {
              "cleaned_text": "creaky",
              "content": [
                {
                  "content": {
                    "delimiter_type": "creaky",
                    "span": {
                      "end": 639,
                      "start": 636
                    }
                  },
                  "type": "ca_delimiter"
                },
                {
                  "content": "creaky",
                  "type": "text"
                },
                {
                  "content": {
                    "delimiter_type": "creaky",
                    "span": {
                      "end": 648,
                      "start": 645
                    }
                  },
                  "type": "ca_delimiter"
                }
              ],
              "raw_text": "⁎creaky⁎",
              "type": "word"
            },
            {
              "cleaned_text": "and",
              "content": [
                {
                  "content": "and",
                  "type": "text"
                }
              ],
              "raw_text": "and",
              "type": "word"
            },
            {
              "cleaned_text": "softer",
              "content": [
                {
                  "content": {
                    "delimiter_type": "softer",
                    "span": {
                      "end": 655,
                      "start": 653
                    }
                  },
                  "type": "ca_delimiter"
                },
                {
                  "content": "softer",
                  "type": "text"
                },
                {
                  "content": {
                    "delimiter_type": "softer",
                    "span": {
                      "end": 663,
                      "start": 661
                    }
                  },
                  "type": "ca_delimiter"
                }
              ],
              "raw_text": "°softer°",
              "type": "word"
            }
          ],
          "terminator": {
            "type": "period"
          }
        },
        "speaker": "SPK"
      }
    },
    {
      "line_type": "utterance",
      "main": {
        "content": {
          "content": [
            {
              "cleaned_text": "lowpitch",
              "content": [
                {
                  "content": {
                    "delimiter_type": "low_pitch",
                    "span": {
                      "end": 675,
                      "start": 672
                    }
                  },
                  "type": "ca_delimiter"
                },
                {
                  "content": "lowpitch",
                  "type": "text"
                },
                {
                  "content": {
                    "delimiter_type": "low_pitch",
                    "span": {
                      "end": 686,
                      "start": 683
                    }
                  },
                  "type": "ca_delimiter"
                }
              ],
              "raw_text": "▁lowpitch▁",
              "type": "word"
            },
            {
              "cleaned_text": "and",
              "content": [
                {
                  "content": "and",
                  "type": "text"
                }
              ],
              "raw_text": "and",
              "type": "word"
            },
            {
              "cleaned_text": "highpitch",
              "content": [
                {
                  "content": {
                    "delimiter_type": "high_pitch",
                    "span": {
                      "end": 694,
                      "start": 691
                    }
                  },
                  "type": "ca_delimiter"
                },
                {
                  "content": "highpitch",
                  "type": "text"
                },
                {
                  "content": {
                    "delimiter_type": "high_pitch",
                    "span": {
                      "end": 706,
                      "start": 703
                    }
                  },
                  "type": "ca_delimiter"
                }
              ],
              "raw_text": "▔highpitch▔",
              "type": "word"
            },
            {
              "cleaned_text": "and",
              "content": [
                {
                  "content": "and",
                  "type": "text"
                }
              ],
              "raw_text": "and",
              "type": "word"
            },
            {
              "cleaned_text": "smilevoice",
              "content": [
                {
                  "content": {
                    "delimiter_type": "smile_voice",
                    "span": {
                      "end": 714,
                      "start": 711
                    }
                  },
                  "type": "ca_delimiter"
                },
                {
                  "content": "smilevoice",
                  "type": "text"
                },
                {
                  "content": {
                    "delimiter_type": "smile_voice",
                    "span": {
                      "end": 727,
                      "start": 724
                    }
                  },
                  "type": "ca_delimiter"
                }
              ],
              "raw_text": "☺smilevoice☺",
              "type": "word"
            }
          ],
          "terminator": {
            "type": "period"
          }
        },
        "speaker": "LSN"
      }
    },
    {
      "line_type": "utterance",
      "main": {
        "content": {
          "content": [
            {
              "cleaned_text": "breathyvoice",
              "content": [
                {
                  "content": {
                    "delimiter_type": "breathy_voice",
                    "span": {
                      "end": 739,
                      "start": 736
                    }
                  },
                  "type": "ca_delimiter"
                },
                {
                  "content": "breathyvoice",
                  "type": "text"
                },
                {
                  "content": {
                    "delimiter_type": "breathy_voice",
                    "span": {
                      "end": 754,
                      "start": 751
                    }
                  },
                  "type": "ca_delimiter"
                }
              ],
              "raw_text": "♋breathyvoice♋",
              "type": "word"
            },
            {
              "cleaned_text": "and",
              "content": [
                {
                  "content": "and",
                  "type": "text"
                }
              ],
              "raw_text": "and",
              "type": "word"
            },
            {
              "cleaned_text": "unsure",
              "content": [
                {
                  "content": {
                    "delimiter_type": "unsure",
                    "span": {
                      "end": 762,
                      "start": 759
                    }
                  },
                  "type": "ca_delimiter"
                },
                {
                  "content": "unsure",
                  "type": "text"
                },
                {
                  "content": {
                    "delimiter_type": "unsure",
                    "span": {
                      "end": 771,
                      "start": 768
                    }
                  },
                  "type": "ca_delimiter"
                }
              ],
              "raw_text": "⁇unsure⁇",
              "type": "word"
            },
            {
              "cleaned_text": "and",
              "content": [
                {
                  "content": "and",
                  "type": "text"
                }
              ],
              "raw_text": "and",
              "type": "word"
            },
            {
              "cleaned_text": "whisper",
              "content": [
                {
                  "content": {
                    "delimiter_type": "whisper",
                    "span": {
                      "end": 779,
                      "start": 776
                    }
                  },
                  "type": "ca_delimiter"
                },
                {
                  "content": "whisper",
                  "type": "text"
                },
                {
                  "content": {
                    "delimiter_type": "whisper",
                    "span": {
                      "end": 789,
                      "start": 786
                    }
                  },
                  "type": "ca_delimiter"
                }
              ],
              "raw_text": "∬whisper∬",
              "type": "word"
            }
          ],
          "terminator": {
            "type": "period"
          }
        },
        "speaker": "LSN"
      }
    },
    {
      "line_type": "utterance",
      "main": {
        "content": {
          "content": [
            {
              "cleaned_text": "yawn",
              "content": [
                {
                  "content": {
                    "delimiter_type": "yawn",
                    "span": {
                      "end": 800,
                      "start": 798
                    }
                  },
                  "type": "ca_delimiter"
                },
                {
                  "content": "yawn",
                  "type": "text"
                },
                {
                  "content": {
                    "delimiter_type": "yawn",
                    "span": {
                      "end": 806,
                      "start": 804
                    }
                  },
                  "type": "ca_delimiter"
                }
              ],
              "raw_text": "ΫyawnΫ",
              "type": "word"
            },
            {
              "cleaned_text": "and",
              "content": [
                {
                  "content": "and",
                  "type": "text"
                }
              ],
              "raw_text": "and",
              "type": "word"
            },
            {
              "cleaned_text": "singing",
              "content": [
                {
                  "content": {
                    "delimiter_type": "singing",
                    "span": {
                      "end": 814,
                      "start": 811
                    }
                  },
                  "type": "ca_delimiter"
                },
                {
                  "content": "singing",
                  "type": "text"
                },
                {
                  "content": {
                    "delimiter_type": "singing",
                    "span": {
                      "end": 824,
                      "start": 821
                    }
                  },
                  "type": "ca_delimiter"
                }
              ],
              "raw_text": "∮singing∮",
              "type": "word"
            }
          ],
          "terminator": {
            "type": "period"
          }
        },
        "speaker": "LSN"
      }
    },
    {
      "line_type": "utterance",
      "main": {
        "content": {
          "content": [
            {
              "cleaned_text": "quick",
              "content": [
                {
                  "content": {
                    "element_type": "hurried_start",
                    "span": {
                      "end": 836,
                      "start": 833
                    }
                  },
                  "type": "ca_element"
                },
                {
                  "content": "quick",
                  "type": "text"
                }
              ],
              "raw_text": "⤇quick",
              "type": "word"
            },
            {
              "cleaned_text": "start",
              "content": [
                {
                  "content": "start",
                  "type": "text"
                }
              ],
              "raw_text": "start",
              "type": "word"
            },
            {
              "cleaned_text": "and",
              "content": [
                {
                  "content": "and",
                  "type": "text"
                }
              ],
              "raw_text": "and",
              "type": "word"
            },
            {
              "cleaned_text": "then",
              "content": [
                {
                  "content": "then",
                  "type": "text"
                }
              ],
              "raw_text": "then",
              "type": "word"
            },
            {
              "cleaned_text": "a",
              "content": [
                {
                  "content": "a",
                  "type": "text"
                }
              ],
              "raw_text": "a",
              "type": "word"
            },
            {
              "cleaned_text": "sudden",
              "content": [
                {
                  "content": "sudden",
                  "type": "text"
                }
              ],
              "raw_text": "sudden",
              "type": "word"
            },
            {
              "cleaned_text": "cutoff",
              "content": [
                {
                  "content": "cutoff",
                  "type": "text"
                },
                {
                  "content": {
                    "element_type": "sudden_stop",
                    "span": {
                      "end": 875,
                      "start": 872
                    }
                  },
                  "type": "ca_element"
                }
              ],
              "raw_text": "cutoff⤆",
              "type": "word"
            }
          ],
          "terminator": {
            "type": "period"
          }
        },
        "speaker": "SPK"
      }
    },
    {
      "line_type": "utterance",
      "main": {
        "content": {
          "content": [
            {
              "cleaned_text": "also",
              "content": [
                {
                  "content": "also",
                  "type": "text"
                }
              ],
              "raw_text": "also",
              "type": "word"
            },
            {
              "cleaned_text": "hardening",
              "content": [
                {
                  "content": "hard",
                  "type": "text"
                },
                {
                  "content": {
                    "element_type": "hardening",
                    "span": {
                      "end": 896,
                      "start": 893
                    }
                  },
                  "type": "ca_element"
                },
                {
                  "content": "ening",
                  "type": "text"
                }
              ],
              "raw_text": "hard⁑ening",
              "type": "word"
            },
            {
              "cleaned_text": "inside",
              "content": [
                {
                  "content": "inside",
                  "type": "text"
                }
              ],
              "raw_text": "inside",
              "type": "word"
            },
            {
              "cleaned_text": "a",
              "content": [
                {
                  "content": "a",
                  "type": "text"
                }
              ],
              "raw_text": "a",
              "type": "word"
            },
            {
              "cleaned_text": "word",
              "content": [
                {
                  "content": "word",
                  "type": "text"
                }
              ],
              "raw_text": "word",
              "type": "word"
            }
          ],
          "terminator": {
            "type": "period"
          }
        },
        "speaker": "SPK"
      }
    },
    {
      "line_type": "utterance",
      "main": {
        "content": {
          "content": [
            {
              "cleaned_text": "CA",
              "content": [
                {
                  "content": "CA",
                  "type": "text"
                }
              ],
              "raw_text": "CA",
              "type": "word"
            },
            {
              "cleaned_text": "can",
              "content": [
                {
                  "content": "can",
                  "type": "text"
                }
              ],
              "raw_text": "can",
              "type": "word"
            },
            {
              "cleaned_text": "use",
              "content": [
                {
                  "content": "use",
                  "type": "text"
                }
              ],
              "raw_text": "use",
              "type": "word"
            },
            {
              "cleaned_text": "xx",
              "content": [
                {
                  "content": "xx",
                  "type": "text"
                }
              ],
              "raw_text": "xx",
              "type": "word"
            },
            {
              "kind": "comma",
              "type": "separator"
            },
            {
              "cleaned_text": "XX",
              "content": [
                {
                  "content": "XX",
                  "type": "text"
                }
              ],
              "raw_text": "XX",
              "type": "word"
            },
            {
              "kind": "comma",
              "type": "separator"
            },
            {
              "cleaned_text": "and",
              "content": [
                {
                  "content": "and",
                  "type": "text"
                }
              ],
              "raw_text": "and",
              "type": "word"
            },
            {
              "cleaned_text": "even",
              "content": [
                {
                  "content": "even",
                  "type": "text"
                }
              ],
              "raw_text": "even",
              "type": "word"
            },
            {
              "cleaned_text": "XXX",
              "content": [
                {
                  "content": "XXX",
                  "type": "text"
                }
              ],
              "raw_text": "XXX",
              "type": "word"
            }
          ],
          "terminator": {
            "type": "period"
          }
        },
        "speaker": "SPK"
      }
    },
    {
      "line_type": "utterance",
      "main": {
        "content": {
          "content": [
            {
              "cleaned_text": "CA",
              "content": [
                {
                  "content": "CA",
                  "type": "text"
                }
              ],
              "raw_text": "CA",
              "type": "word"
            },
            {
              "cleaned_text": "uses",
              "content": [
                {
                  "content": "uses",
                  "type": "text"
                }
              ],
              "raw_text": "uses",
              "type": "word"
            },
            {
              "category": "ca_omission",
              "cleaned_text": "parens",
              "content": [
                {
                  "content": "parens",
                  "type": "text"
                }
              ],
              "raw_text": "(parens)",
              "type": "word"
            },
            {
              "cleaned_text": "for",
              "content": [
                {
                  "content": "for",
                  "type": "text"
                }
              ],
              "raw_text": "for",
              "type": "word"
            },
            {
              "cleaned_text": "uncertain",
              "content": [
                {
                  "content": "uncertain",
                  "type": "text"
                }
              ],
              "raw_text": "uncertain",
              "type": "word"
            },
            {
              "cleaned_text": "words",
              "content": [
                {
                  "content": "words",
                  "type": "text"
                }
              ],
              "raw_text": "words",
              "type": "word"
            }
          ],
          "terminator": {
            "type": "period"
          }
        },
        "speaker": "LSN"
      }
    },
    {
      "header": {
        "type": "end"
      },
      "line_type": "header"
    }
  ],
  "options": [
    "CA"
  ],
  "participants": {
    "LSN": {
      "birth_date": null,
      "code": "LSN",
      "id": {
        "corpus": "corpus",
        "language": "eng",
        "role": "Adult",
        "speaker": "LSN"
      },
      "name": null,
      "role": "Adult"
    },
    "SPK": {
      "birth_date": null,
      "code": "SPK",
      "id": {
        "corpus": "corpus",
        "language": "eng",
        "role": "Speaker",
        "speaker": "SPK"
      },
      "name": null,
      "role": "Speaker"
    }
  }
}
