---
source: rust/crates/talkbank-parser-tests/src/snapshot.rs
expression: snapshot
---
{
  "lines": [
    {
      "header": {
        "type": "utf8"
      },
      "line_type": "header"
    },
    {
      "header": {
        "type": "begin"
      },
      "line_type": "header"
    },
    {
      "header": {
        "codes": [
          "zho",
          "eng"
        ],
        "type": "languages"
      },
      "line_type": "header"
    },
    {
      "header": {
        "entries": [
          {
            "name": null,
            "role": "Child",
            "speaker_code": "CHI"
          },
          {
            "name": null,
            "role": "Mother",
            "speaker_code": "MOT"
          }
        ],
        "type": "participants"
      },
      "line_type": "header"
    },
    {
      "header": {
        "age": "1;08.",
        "corpus": "bates",
        "group": "normal",
        "language": "zho, eng",
        "role": "Child",
        "sex": "female",
        "speaker": "CHI",
        "type": "id"
      },
      "line_type": "header"
    },
    {
      "header": {
        "corpus": "bates",
        "language": "zho, eng",
        "role": "Mother",
        "speaker": "MOT",
        "type": "id"
      },
      "line_type": "header"
    },
    {
      "line_type": "utterance",
      "main": {
        "content": {
          "content": [
            {
              "content": [
                {
                  "content": "ha",
                  "type": "text"
                },
                {
                  "content": "i",
                  "type": "shortening"
                },
                {
                  "content": "6",
                  "type": "text"
                }
              ],
              "raw_text": "ha(i)6",
              "span": {
                "end": 175,
                "start": 169
              },
              "type": "word"
            },
            {
              "content": [
                {
                  "content": "foo",
                  "type": "text"
                }
              ],
              "raw_text": "foo",
              "span": {
                "end": 179,
                "start": 176
              },
              "type": "word"
            }
          ],
          "terminator": {
            "type": "period"
          }
        },
        "speaker": "CHI"
      }
    },
    {
      "header": {
        "type": "end"
      },
      "line_type": "header"
    }
  ],
  "participants": {
    "CHI": {
      "birth_date": null,
      "code": "CHI",
      "id": {
        "age": "1;08.",
        "corpus": "bates",
        "group": "normal",
        "language": "zho, eng",
        "role": "Child",
        "sex": "female",
        "speaker": "CHI"
      },
      "name": null,
      "role": "Child"
    },
    "MOT": {
      "birth_date": null,
      "code": "MOT",
      "id": {
        "corpus": "bates",
        "language": "zho, eng",
        "role": "Mother",
        "speaker": "MOT"
      },
      "name": null,
      "role": "Mother"
    }
  }
}
