---
source: crates/talkbank-parser-tests/src/snapshot.rs
expression: snapshot
---
{
  "lines": [
    {
      "line_type": "header",
      "header": {
        "type": "utf8"
      }
    },
    {
      "line_type": "header",
      "header": {
        "type": "begin"
      }
    },
    {
      "line_type": "header",
      "header": {
        "type": "languages",
        "codes": [
          "eng"
        ]
      }
    },
    {
      "line_type": "header",
      "header": {
        "type": "participants",
        "entries": [
          {
            "speaker_code": "CHI",
            "name": null,
            "role": "Child"
          },
          {
            "speaker_code": "MOT",
            "name": null,
            "role": "Mother"
          }
        ]
      }
    },
    {
      "line_type": "header",
      "header": {
        "type": "id",
        "language": [
          "eng"
        ],
        "corpus": "corpus",
        "speaker": "CHI",
        "age": "3;0",
        "role": "Child"
      }
    },
    {
      "line_type": "header",
      "header": {
        "type": "id",
        "language": [
          "eng"
        ],
        "corpus": "corpus",
        "speaker": "MOT",
        "role": "Mother"
      }
    },
    {
      "line_type": "header",
      "header": {
        "type": "comment",
        "content": {
          "segments": [
            {
              "type": "text",
              "text": "Overlap markers: [<] precedes, [>] follows, indexed [<2] [>2]"
            }
          ]
        }
      }
    },
    {
      "line_type": "header",
      "header": {
        "type": "comment",
        "content": {
          "segments": [
            {
              "type": "text",
              "text": "Constructs: indexed_overlap_precedes, indexed_overlap_follows"
            }
          ]
        }
      }
    },
    {
      "line_type": "utterance",
      "main": {
        "speaker": "MOT",
        "content": {
          "content": [
            {
              "type": "word",
              "raw_text": "if",
              "cleaned_text": "if",
              "content": [
                {
                  "type": "text",
                  "content": "if"
                }
              ]
            },
            {
              "type": "word",
              "raw_text": "we",
              "cleaned_text": "we",
              "content": [
                {
                  "type": "text",
                  "content": "we"
                }
              ]
            },
            {
              "type": "word",
              "raw_text": "have",
              "cleaned_text": "have",
              "content": [
                {
                  "type": "text",
                  "content": "have"
                }
              ]
            },
            {
              "type": "annotated_group",
              "content": {
                "content": [
                  {
                    "type": "word",
                    "raw_text": "some",
                    "cleaned_text": "some",
                    "content": [
                      {
                        "type": "text",
                        "content": "some"
                      }
                    ]
                  },
                  {
                    "type": "word",
                    "raw_text": "time",
                    "cleaned_text": "time",
                    "content": [
                      {
                        "type": "text",
                        "content": "time"
                      }
                    ]
                  }
                ]
              },
              "scoped_annotations": [
                {
                  "type": "overlap_end"
                }
              ]
            },
            {
              "type": "word",
              "raw_text": "we",
              "cleaned_text": "we",
              "content": [
                {
                  "type": "text",
                  "content": "we"
                }
              ]
            },
            {
              "type": "word",
              "raw_text": "can",
              "cleaned_text": "can",
              "content": [
                {
                  "type": "text",
                  "content": "can"
                }
              ]
            },
            {
              "type": "word",
              "raw_text": "get",
              "cleaned_text": "get",
              "content": [
                {
                  "type": "text",
                  "content": "get"
                }
              ]
            },
            {
              "type": "word",
              "raw_text": "tickets",
              "cleaned_text": "tickets",
              "content": [
                {
                  "type": "text",
                  "content": "tickets"
                }
              ]
            }
          ],
          "terminator": {
            "type": "period"
          }
        }
      }
    },
    {
      "line_type": "utterance",
      "main": {
        "speaker": "CHI",
        "content": {
          "content": [
            {
              "type": "annotated_word",
              "raw_text": "Mom",
              "cleaned_text": "Mom",
              "content": [
                {
                  "type": "text",
                  "content": "Mom"
                }
              ],
              "scoped_annotations": [
                {
                  "type": "overlap_begin"
                }
              ]
            }
          ],
          "terminator": {
            "type": "exclamation"
          }
        }
      }
    },
    {
      "line_type": "utterance",
      "main": {
        "speaker": "MOT",
        "content": {
          "content": [
            {
              "type": "word",
              "raw_text": "if",
              "cleaned_text": "if",
              "content": [
                {
                  "type": "text",
                  "content": "if"
                }
              ]
            },
            {
              "type": "word",
              "raw_text": "we",
              "cleaned_text": "we",
              "content": [
                {
                  "type": "text",
                  "content": "we"
                }
              ]
            },
            {
              "type": "word",
              "raw_text": "have",
              "cleaned_text": "have",
              "content": [
                {
                  "type": "text",
                  "content": "have"
                }
              ]
            },
            {
              "type": "annotated_group",
              "content": {
                "content": [
                  {
                    "type": "word",
                    "raw_text": "some",
                    "cleaned_text": "some",
                    "content": [
                      {
                        "type": "text",
                        "content": "some"
                      }
                    ]
                  },
                  {
                    "type": "word",
                    "raw_text": "time",
                    "cleaned_text": "time",
                    "content": [
                      {
                        "type": "text",
                        "content": "time"
                      }
                    ]
                  }
                ]
              },
              "scoped_annotations": [
                {
                  "type": "overlap_end",
                  "index": 1
                }
              ]
            },
            {
              "type": "word",
              "raw_text": "we",
              "cleaned_text": "we",
              "content": [
                {
                  "type": "text",
                  "content": "we"
                }
              ]
            },
            {
              "type": "word",
              "raw_text": "can",
              "cleaned_text": "can",
              "content": [
                {
                  "type": "text",
                  "content": "can"
                }
              ]
            },
            {
              "type": "word",
              "raw_text": "get",
              "cleaned_text": "get",
              "content": [
                {
                  "type": "text",
                  "content": "get"
                }
              ]
            },
            {
              "type": "annotated_group",
              "content": {
                "content": [
                  {
                    "type": "word",
                    "raw_text": "tickets",
                    "cleaned_text": "tickets",
                    "content": [
                      {
                        "type": "text",
                        "content": "tickets"
                      }
                    ]
                  },
                  {
                    "type": "word",
                    "raw_text": "to",
                    "cleaned_text": "to",
                    "content": [
                      {
                        "type": "text",
                        "content": "to"
                      }
                    ]
                  }
                ]
              },
              "scoped_annotations": [
                {
                  "type": "overlap_end",
                  "index": 2
                }
              ]
            },
            {
              "type": "word",
              "raw_text": "the",
              "cleaned_text": "the",
              "content": [
                {
                  "type": "text",
                  "content": "the"
                }
              ]
            },
            {
              "type": "word",
              "raw_text": "opera",
              "cleaned_text": "opera",
              "content": [
                {
                  "type": "text",
                  "content": "opera"
                }
              ]
            }
          ],
          "terminator": {
            "type": "period"
          }
        }
      }
    },
    {
      "line_type": "utterance",
      "main": {
        "speaker": "CHI",
        "content": {
          "content": [
            {
              "type": "annotated_word",
              "raw_text": "Mom",
              "cleaned_text": "Mom",
              "content": [
                {
                  "type": "text",
                  "content": "Mom"
                }
              ],
              "scoped_annotations": [
                {
                  "type": "overlap_begin",
                  "index": 1
                }
              ]
            }
          ],
          "terminator": {
            "type": "exclamation"
          }
        }
      }
    },
    {
      "line_type": "utterance",
      "main": {
        "speaker": "MOT",
        "content": {
          "content": [
            {
              "type": "annotated_group",
              "content": {
                "content": [
                  {
                    "type": "word",
                    "raw_text": "honey",
                    "cleaned_text": "honey",
                    "content": [
                      {
                        "type": "text",
                        "content": "honey"
                      }
                    ]
                  },
                  {
                    "type": "word",
                    "raw_text": "we",
                    "cleaned_text": "we",
                    "content": [
                      {
                        "type": "text",
                        "content": "we"
                      }
                    ]
                  },
                  {
                    "type": "word",
                    "raw_text": "need",
                    "cleaned_text": "need",
                    "content": [
                      {
                        "type": "text",
                        "content": "need"
                      }
                    ]
                  }
                ]
              },
              "scoped_annotations": [
                {
                  "type": "overlap_begin",
                  "index": 2
                }
              ]
            },
            {
              "type": "word",
              "raw_text": "to",
              "cleaned_text": "to",
              "content": [
                {
                  "type": "text",
                  "content": "to"
                }
              ]
            },
            {
              "type": "word",
              "raw_text": "go",
              "cleaned_text": "go",
              "content": [
                {
                  "type": "text",
                  "content": "go"
                }
              ]
            }
          ],
          "terminator": {
            "type": "period"
          }
        }
      }
    },
    {
      "line_type": "utterance",
      "main": {
        "speaker": "CHI",
        "content": {
          "content": [
            {
              "type": "word",
              "raw_text": "my",
              "cleaned_text": "my",
              "content": [
                {
                  "type": "text",
                  "content": "my"
                }
              ]
            },
            {
              "type": "annotated_word",
              "raw_text": "foo",
              "cleaned_text": "foo",
              "content": [
                {
                  "type": "text",
                  "content": "foo"
                }
              ],
              "scoped_annotations": [
                {
                  "type": "overlap_end"
                },
                {
                  "type": "overlap_begin"
                }
              ]
            },
            {
              "type": "word",
              "raw_text": "bar",
              "cleaned_text": "bar",
              "content": [
                {
                  "type": "text",
                  "content": "bar"
                }
              ]
            },
            {
              "type": "word",
              "raw_text": "is",
              "cleaned_text": "is",
              "content": [
                {
                  "type": "text",
                  "content": "is"
                }
              ]
            },
            {
              "type": "word",
              "raw_text": "broken",
              "cleaned_text": "broken",
              "content": [
                {
                  "type": "text",
                  "content": "broken"
                }
              ]
            }
          ],
          "terminator": {
            "type": "period"
          }
        }
      }
    },
    {
      "line_type": "header",
      "header": {
        "type": "end"
      }
    }
  ],
  "participants": {
    "CHI": {
      "code": "CHI",
      "name": null,
      "role": "Child",
      "id": {
        "language": [
          "eng"
        ],
        "corpus": "corpus",
        "speaker": "CHI",
        "age": "3;0",
        "role": "Child"
      },
      "birth_date": null
    },
    "MOT": {
      "code": "MOT",
      "name": null,
      "role": "Mother",
      "id": {
        "language": [
          "eng"
        ],
        "corpus": "corpus",
        "speaker": "MOT",
        "role": "Mother"
      },
      "birth_date": null
    }
  },
  "languages": [
    "eng"
  ],
  "options": []
}
