---
source: rust/crates/talkbank-parser-tests/src/snapshot.rs
expression: snapshot
---
{
  "lines": [
    {
      "header": {
        "type": "utf8"
      },
      "line_type": "header"
    },
    {
      "header": {
        "type": "begin"
      },
      "line_type": "header"
    },
    {
      "header": {
        "codes": [
          "eng"
        ],
        "type": "languages"
      },
      "line_type": "header"
    },
    {
      "header": {
        "entries": [
          {
            "name": null,
            "role": "Child",
            "speaker_code": "CHI"
          },
          {
            "name": null,
            "role": "Mother",
            "speaker_code": "MOT"
          }
        ],
        "type": "participants"
      },
      "line_type": "header"
    },
    {
      "header": {
        "age": "1;08.",
        "corpus": "bates",
        "group": "normal",
        "language": "eng",
        "role": "Child",
        "sex": "female",
        "speaker": "CHI",
        "type": "id"
      },
      "line_type": "header"
    },
    {
      "header": {
        "corpus": "bates",
        "language": "eng",
        "role": "Mother",
        "speaker": "MOT",
        "type": "id"
      },
      "line_type": "header"
    },
    {
      "line_type": "utterance",
      "main": {
        "content": {
          "content": [
            {
              "content": [
                {
                  "content": "when",
                  "type": "text"
                }
              ],
              "raw_text": "when",
              "scoped_annotations": [
                {
                  "text": "foo bar",
                  "type": "paralinguistic"
                },
                {
                  "text": "ah+er",
                  "type": "alternative"
                }
              ],
              "span": {
                "end": 158,
                "start": 154
              },
              "type": "annotated_word"
            },
            {
              "content": [
                {
                  "content": "will",
                  "type": "text"
                }
              ],
              "raw_text": "will",
              "span": {
                "end": 187,
                "start": 183
              },
              "type": "word"
            },
            {
              "content": [
                {
                  "content": "you",
                  "type": "text"
                }
              ],
              "raw_text": "you",
              "span": {
                "end": 191,
                "start": 188
              },
              "type": "word"
            },
            {
              "content": [
                {
                  "content": "go",
                  "type": "text"
                }
              ],
              "raw_text": "go",
              "span": {
                "end": 194,
                "start": 192
              },
              "type": "word"
            }
          ],
          "terminator": {
            "type": "question"
          }
        },
        "speaker": "CHI"
      }
    },
    {
      "header": {
        "content": {
          "segments": [
            {
              "text": "Do compound also",
              "type": "text"
            }
          ]
        },
        "type": "comment"
      },
      "line_type": "header"
    },
    {
      "line_type": "utterance",
      "main": {
        "content": {
          "content": [
            {
              "content": [
                {
                  "content": "when",
                  "type": "text"
                },
                {
                  "content": {
                    "span": {
                      "end": 235,
                      "start": 234
                    }
                  },
                  "type": "compound_marker"
                },
                {
                  "content": "ever",
                  "type": "text"
                }
              ],
              "raw_text": "when+ever",
              "scoped_annotations": [
                {
                  "text": "foo bar",
                  "type": "paralinguistic"
                },
                {
                  "text": "ah+er",
                  "type": "alternative"
                }
              ],
              "span": {
                "end": 239,
                "start": 230
              },
              "type": "annotated_word"
            },
            {
              "content": [
                {
                  "content": "will",
                  "type": "text"
                }
              ],
              "raw_text": "will",
              "span": {
                "end": 268,
                "start": 264
              },
              "type": "word"
            },
            {
              "content": [
                {
                  "content": "you",
                  "type": "text"
                }
              ],
              "raw_text": "you",
              "span": {
                "end": 272,
                "start": 269
              },
              "type": "word"
            },
            {
              "content": [
                {
                  "content": "go",
                  "type": "text"
                }
              ],
              "raw_text": "go",
              "span": {
                "end": 275,
                "start": 273
              },
              "type": "word"
            }
          ],
          "terminator": {
            "type": "question"
          }
        },
        "speaker": "CHI"
      }
    },
    {
      "line_type": "utterance",
      "main": {
        "content": {
          "content": [
            {
              "replacement": {
                "words": [
                  {
                    "content": [
                      {
                        "content": "rocking",
                        "type": "text"
                      },
                      {
                        "content": {
                          "span": {
                            "end": 309,
                            "start": 308
                          }
                        },
                        "type": "compound_marker"
                      },
                      {
                        "content": "horse",
                        "type": "text"
                      }
                    ],
                    "raw_text": "rocking+horse",
                    "span": {
                      "end": 314,
                      "start": 301
                    }
                  }
                ]
              },
              "scoped_annotations": [
                {
                  "code": null,
                  "type": "error"
                }
              ],
              "type": "replaced_word",
              "word": {
                "content": [
                  {
                    "content": "rocking",
                    "type": "text"
                  },
                  {
                    "content": {
                      "span": {
                        "end": 292,
                        "start": 291
                      }
                    },
                    "type": "compound_marker"
                  },
                  {
                    "content": "house",
                    "type": "text"
                  }
                ],
                "raw_text": "rocking+house",
                "span": {
                  "end": 297,
                  "start": 284
                }
              }
            }
          ],
          "terminator": {
            "type": "question"
          }
        },
        "speaker": "MOT"
      }
    },
    {
      "header": {
        "content": {
          "segments": [
            {
              "text": "All the ones",
              "type": "text"
            }
          ]
        },
        "type": "comment"
      },
      "line_type": "header"
    },
    {
      "line_type": "utterance",
      "main": {
        "content": {
          "content": [
            {
              "content": [
                {
                  "content": "this",
                  "type": "text"
                }
              ],
              "raw_text": "this",
              "span": {
                "end": 355,
                "start": 351
              },
              "type": "word"
            },
            {
              "content": [
                {
                  "content": "is",
                  "type": "text"
                }
              ],
              "raw_text": "is",
              "span": {
                "end": 358,
                "start": 356
              },
              "type": "word"
            },
            {
              "content": [
                {
                  "content": "child",
                  "type": "text"
                }
              ],
              "raw_text": "child",
              "scoped_annotations": [
                {
                  "text": "a+er b",
                  "type": "paralinguistic"
                }
              ],
              "span": {
                "end": 364,
                "start": 359
              },
              "type": "annotated_word"
            },
            {
              "content": [
                {
                  "content": "speaking",
                  "type": "text"
                }
              ],
              "raw_text": "speaking",
              "span": {
                "end": 385,
                "start": 377
              },
              "type": "word"
            }
          ],
          "terminator": {
            "type": "period"
          }
        },
        "speaker": "CHI"
      }
    },
    {
      "line_type": "utterance",
      "main": {
        "content": {
          "content": [
            {
              "content": [
                {
                  "content": "this",
                  "type": "text"
                }
              ],
              "raw_text": "this",
              "span": {
                "end": 398,
                "start": 394
              },
              "type": "word"
            },
            {
              "content": [
                {
                  "content": "is",
                  "type": "text"
                }
              ],
              "raw_text": "is",
              "span": {
                "end": 401,
                "start": 399
              },
              "type": "word"
            },
            {
              "content": [
                {
                  "content": "child",
                  "type": "text"
                }
              ],
              "raw_text": "child",
              "scoped_annotations": [
                {
                  "text": "a+er b",
                  "type": "alternative"
                }
              ],
              "span": {
                "end": 407,
                "start": 402
              },
              "type": "annotated_word"
            },
            {
              "content": [
                {
                  "content": "speaking",
                  "type": "text"
                }
              ],
              "raw_text": "speaking",
              "span": {
                "end": 428,
                "start": 420
              },
              "type": "word"
            }
          ],
          "terminator": {
            "type": "period"
          }
        },
        "speaker": "CHI"
      }
    },
    {
      "line_type": "utterance",
      "main": {
        "content": {
          "content": [
            {
              "content": [
                {
                  "content": "this",
                  "type": "text"
                }
              ],
              "raw_text": "this",
              "span": {
                "end": 441,
                "start": 437
              },
              "type": "word"
            },
            {
              "content": [
                {
                  "content": "is",
                  "type": "text"
                }
              ],
              "raw_text": "is",
              "span": {
                "end": 444,
                "start": 442
              },
              "type": "word"
            },
            {
              "content": [
                {
                  "content": "child",
                  "type": "text"
                }
              ],
              "raw_text": "child",
              "scoped_annotations": [
                {
                  "text": "a+er b",
                  "type": "explanation"
                }
              ],
              "span": {
                "end": 450,
                "start": 445
              },
              "type": "annotated_word"
            },
            {
              "content": [
                {
                  "content": "speaking",
                  "type": "text"
                }
              ],
              "raw_text": "speaking",
              "span": {
                "end": 470,
                "start": 462
              },
              "type": "word"
            }
          ],
          "terminator": {
            "type": "period"
          }
        },
        "speaker": "CHI"
      }
    },
    {
      "line_type": "utterance",
      "main": {
        "content": {
          "content": [
            {
              "content": [
                {
                  "content": "this",
                  "type": "text"
                }
              ],
              "raw_text": "this",
              "span": {
                "end": 483,
                "start": 479
              },
              "type": "word"
            },
            {
              "content": [
                {
                  "content": "is",
                  "type": "text"
                }
              ],
              "raw_text": "is",
              "span": {
                "end": 486,
                "start": 484
              },
              "type": "word"
            },
            {
              "replacement": {
                "words": [
                  {
                    "content": [
                      {
                        "content": "a",
                        "type": "text"
                      },
                      {
                        "content": {
                          "span": {
                            "end": 498,
                            "start": 497
                          }
                        },
                        "type": "compound_marker"
                      },
                      {
                        "content": "er",
                        "type": "text"
                      }
                    ],
                    "raw_text": "a+er",
                    "span": {
                      "end": 500,
                      "start": 496
                    }
                  },
                  {
                    "content": [
                      {
                        "content": "b",
                        "type": "text"
                      }
                    ],
                    "raw_text": "b",
                    "span": {
                      "end": 502,
                      "start": 501
                    }
                  }
                ]
              },
              "type": "replaced_word",
              "word": {
                "content": [
                  {
                    "content": "child",
                    "type": "text"
                  }
                ],
                "raw_text": "child",
                "span": {
                  "end": 492,
                  "start": 487
                }
              }
            },
            {
              "content": [
                {
                  "content": "speaking",
                  "type": "text"
                }
              ],
              "raw_text": "speaking",
              "span": {
                "end": 512,
                "start": 504
              },
              "type": "word"
            }
          ],
          "terminator": {
            "type": "period"
          }
        },
        "speaker": "CHI"
      }
    },
    {
      "line_type": "utterance",
      "main": {
        "content": {
          "content": [
            {
              "content": [
                {
                  "content": "this",
                  "type": "text"
                }
              ],
              "raw_text": "this",
              "span": {
                "end": 525,
                "start": 521
              },
              "type": "word"
            },
            {
              "content": [
                {
                  "content": "is",
                  "type": "text"
                }
              ],
              "raw_text": "is",
              "span": {
                "end": 528,
                "start": 526
              },
              "type": "word"
            },
            {
              "content": [
                {
                  "content": "child",
                  "type": "text"
                }
              ],
              "raw_text": "child",
              "scoped_annotations": [
                {
                  "text": "a+er b",
                  "type": "percentcomment"
                }
              ],
              "span": {
                "end": 534,
                "start": 529
              },
              "type": "annotated_word"
            },
            {
              "content": [
                {
                  "content": "speaking",
                  "type": "text"
                }
              ],
              "raw_text": "speaking",
              "span": {
                "end": 554,
                "start": 546
              },
              "type": "word"
            }
          ],
          "terminator": {
            "type": "period"
          }
        },
        "speaker": "CHI"
      }
    },
    {
      "line_type": "utterance",
      "main": {
        "content": {
          "content": [
            {
              "content": [
                {
                  "content": "this",
                  "type": "text"
                }
              ],
              "raw_text": "this",
              "span": {
                "end": 567,
                "start": 563
              },
              "type": "word"
            },
            {
              "content": [
                {
                  "content": "is",
                  "type": "text"
                }
              ],
              "raw_text": "is",
              "span": {
                "end": 570,
                "start": 568
              },
              "type": "word"
            },
            {
              "content": [
                {
                  "content": "child",
                  "type": "text"
                }
              ],
              "raw_text": "child",
              "scoped_annotations": [
                {
                  "type": "scopeduncertain"
                }
              ],
              "span": {
                "end": 576,
                "start": 571
              },
              "type": "annotated_word"
            },
            {
              "content": [
                {
                  "content": "speaking",
                  "type": "text"
                }
              ],
              "raw_text": "speaking",
              "span": {
                "end": 589,
                "start": 581
              },
              "type": "word"
            }
          ],
          "terminator": {
            "type": "period"
          }
        },
        "speaker": "CHI"
      }
    },
    {
      "line_type": "utterance",
      "main": {
        "content": {
          "content": [
            {
              "content": [
                {
                  "content": "this",
                  "type": "text"
                }
              ],
              "raw_text": "this",
              "span": {
                "end": 602,
                "start": 598
              },
              "type": "word"
            },
            {
              "content": [
                {
                  "content": "is",
                  "type": "text"
                }
              ],
              "raw_text": "is",
              "span": {
                "end": 605,
                "start": 603
              },
              "type": "word"
            },
            {
              "content": [
                {
                  "content": "child",
                  "type": "text"
                }
              ],
              "raw_text": "child",
              "scoped_annotations": [
                {
                  "type": "scopedstressing"
                }
              ],
              "span": {
                "end": 611,
                "start": 606
              },
              "type": "annotated_word"
            },
            {
              "content": [
                {
                  "content": "speaking",
                  "type": "text"
                }
              ],
              "raw_text": "speaking",
              "span": {
                "end": 624,
                "start": 616
              },
              "type": "word"
            }
          ],
          "terminator": {
            "type": "period"
          }
        },
        "speaker": "CHI"
      }
    },
    {
      "line_type": "utterance",
      "main": {
        "content": {
          "content": [
            {
              "content": [
                {
                  "content": "this",
                  "type": "text"
                }
              ],
              "raw_text": "this",
              "span": {
                "end": 637,
                "start": 633
              },
              "type": "word"
            },
            {
              "content": [
                {
                  "content": "is",
                  "type": "text"
                }
              ],
              "raw_text": "is",
              "span": {
                "end": 640,
                "start": 638
              },
              "type": "word"
            },
            {
              "content": [
                {
                  "content": "child",
                  "type": "text"
                }
              ],
              "raw_text": "child",
              "scoped_annotations": [
                {
                  "type": "scopedcontrastivestressing"
                }
              ],
              "span": {
                "end": 646,
                "start": 641
              },
              "type": "annotated_word"
            },
            {
              "content": [
                {
                  "content": "speaking",
                  "type": "text"
                }
              ],
              "raw_text": "speaking",
              "span": {
                "end": 660,
                "start": 652
              },
              "type": "word"
            }
          ],
          "terminator": {
            "type": "period"
          }
        },
        "speaker": "CHI"
      }
    },
    {
      "line_type": "utterance",
      "main": {
        "content": {
          "content": [
            {
              "content": [
                {
                  "content": "this",
                  "type": "text"
                }
              ],
              "raw_text": "this",
              "span": {
                "end": 673,
                "start": 669
              },
              "type": "word"
            },
            {
              "content": [
                {
                  "content": "is",
                  "type": "text"
                }
              ],
              "raw_text": "is",
              "span": {
                "end": 676,
                "start": 674
              },
              "type": "word"
            },
            {
              "content": [
                {
                  "content": "child",
                  "type": "text"
                }
              ],
              "raw_text": "child",
              "scoped_annotations": [
                {
                  "code": "a+er b",
                  "type": "error"
                }
              ],
              "span": {
                "end": 682,
                "start": 677
              },
              "type": "annotated_word"
            },
            {
              "content": [
                {
                  "content": "speaking",
                  "type": "text"
                }
              ],
              "raw_text": "speaking",
              "span": {
                "end": 702,
                "start": 694
              },
              "type": "word"
            }
          ],
          "terminator": {
            "type": "period"
          }
        },
        "speaker": "CHI"
      }
    },
    {
      "line_type": "utterance",
      "main": {
        "content": {
          "content": [
            {
              "content": [
                {
                  "content": "this",
                  "type": "text"
                }
              ],
              "raw_text": "this",
              "span": {
                "end": 715,
                "start": 711
              },
              "type": "word"
            },
            {
              "content": [
                {
                  "content": "is",
                  "type": "text"
                }
              ],
              "raw_text": "is",
              "span": {
                "end": 718,
                "start": 716
              },
              "type": "word"
            },
            {
              "content": [
                {
                  "content": "child",
                  "type": "text"
                }
              ],
              "raw_text": "child",
              "scoped_annotations": [
                {
                  "code": null,
                  "type": "error"
                }
              ],
              "span": {
                "end": 724,
                "start": 719
              },
              "type": "annotated_word"
            },
            {
              "content": [
                {
                  "content": "speaking",
                  "type": "text"
                }
              ],
              "raw_text": "speaking",
              "span": {
                "end": 737,
                "start": 729
              },
              "type": "word"
            }
          ],
          "terminator": {
            "type": "period"
          }
        },
        "speaker": "CHI"
      }
    },
    {
      "header": {
        "content": {
          "segments": [
            {
              "text": "Scoped (with compounds)",
              "type": "text"
            }
          ]
        },
        "type": "comment"
      },
      "line_type": "header"
    },
    {
      "line_type": "utterance",
      "main": {
        "content": {
          "content": [
            {
              "content": [
                {
                  "content": "this",
                  "type": "text"
                }
              ],
              "raw_text": "this",
              "span": {
                "end": 784,
                "start": 780
              },
              "type": "word"
            },
            {
              "content": [
                {
                  "content": "is",
                  "type": "text"
                }
              ],
              "raw_text": "is",
              "span": {
                "end": 787,
                "start": 785
              },
              "type": "word"
            },
            {
              "content": [
                {
                  "content": "child",
                  "type": "text"
                },
                {
                  "content": {
                    "span": {
                      "end": 794,
                      "start": 793
                    }
                  },
                  "type": "compound_marker"
                },
                {
                  "content": "child",
                  "type": "text"
                }
              ],
              "raw_text": "child+child",
              "scoped_annotations": [
                {
                  "text": "a b",
                  "type": "paralinguistic"
                }
              ],
              "span": {
                "end": 799,
                "start": 788
              },
              "type": "annotated_word"
            },
            {
              "content": [
                {
                  "content": "speaking",
                  "type": "text"
                }
              ],
              "raw_text": "speaking",
              "span": {
                "end": 817,
                "start": 809
              },
              "type": "word"
            }
          ],
          "terminator": {
            "type": "period"
          }
        },
        "speaker": "CHI"
      }
    },
    {
      "line_type": "utterance",
      "main": {
        "content": {
          "content": [
            {
              "content": [
                {
                  "content": "this",
                  "type": "text"
                }
              ],
              "raw_text": "this",
              "span": {
                "end": 830,
                "start": 826
              },
              "type": "word"
            },
            {
              "content": [
                {
                  "content": "is",
                  "type": "text"
                }
              ],
              "raw_text": "is",
              "span": {
                "end": 833,
                "start": 831
              },
              "type": "word"
            },
            {
              "content": [
                {
                  "content": "child",
                  "type": "text"
                },
                {
                  "content": {
                    "span": {
                      "end": 840,
                      "start": 839
                    }
                  },
                  "type": "compound_marker"
                },
                {
                  "content": "child",
                  "type": "text"
                }
              ],
              "raw_text": "child+child",
              "scoped_annotations": [
                {
                  "text": "a b",
                  "type": "alternative"
                }
              ],
              "span": {
                "end": 845,
                "start": 834
              },
              "type": "annotated_word"
            },
            {
              "content": [
                {
                  "content": "speaking",
                  "type": "text"
                }
              ],
              "raw_text": "speaking",
              "span": {
                "end": 863,
                "start": 855
              },
              "type": "word"
            }
          ],
          "terminator": {
            "type": "period"
          }
        },
        "speaker": "CHI"
      }
    },
    {
      "line_type": "utterance",
      "main": {
        "content": {
          "content": [
            {
              "content": [
                {
                  "content": "this",
                  "type": "text"
                }
              ],
              "raw_text": "this",
              "span": {
                "end": 876,
                "start": 872
              },
              "type": "word"
            },
            {
              "content": [
                {
                  "content": "is",
                  "type": "text"
                }
              ],
              "raw_text": "is",
              "span": {
                "end": 879,
                "start": 877
              },
              "type": "word"
            },
            {
              "content": [
                {
                  "content": "child",
                  "type": "text"
                },
                {
                  "content": {
                    "span": {
                      "end": 886,
                      "start": 885
                    }
                  },
                  "type": "compound_marker"
                },
                {
                  "content": "child",
                  "type": "text"
                }
              ],
              "raw_text": "child+child",
              "scoped_annotations": [
                {
                  "text": "a b",
                  "type": "explanation"
                }
              ],
              "span": {
                "end": 891,
                "start": 880
              },
              "type": "annotated_word"
            },
            {
              "content": [
                {
                  "content": "speaking",
                  "type": "text"
                }
              ],
              "raw_text": "speaking",
              "span": {
                "end": 908,
                "start": 900
              },
              "type": "word"
            }
          ],
          "terminator": {
            "type": "period"
          }
        },
        "speaker": "CHI"
      }
    },
    {
      "line_type": "utterance",
      "main": {
        "content": {
          "content": [
            {
              "content": [
                {
                  "content": "this",
                  "type": "text"
                }
              ],
              "raw_text": "this",
              "span": {
                "end": 921,
                "start": 917
              },
              "type": "word"
            },
            {
              "content": [
                {
                  "content": "is",
                  "type": "text"
                }
              ],
              "raw_text": "is",
              "span": {
                "end": 924,
                "start": 922
              },
              "type": "word"
            },
            {
              "replacement": {
                "words": [
                  {
                    "content": [
                      {
                        "content": "a",
                        "type": "text"
                      }
                    ],
                    "raw_text": "a",
                    "span": {
                      "end": 941,
                      "start": 940
                    }
                  },
                  {
                    "content": [
                      {
                        "content": "b",
                        "type": "text"
                      }
                    ],
                    "raw_text": "b",
                    "span": {
                      "end": 943,
                      "start": 942
                    }
                  }
                ]
              },
              "type": "replaced_word",
              "word": {
                "content": [
                  {
                    "content": "child",
                    "type": "text"
                  },
                  {
                    "content": {
                      "span": {
                        "end": 931,
                        "start": 930
                      }
                    },
                    "type": "compound_marker"
                  },
                  {
                    "content": "child",
                    "type": "text"
                  }
                ],
                "raw_text": "child+child",
                "span": {
                  "end": 936,
                  "start": 925
                }
              }
            },
            {
              "content": [
                {
                  "content": "speaking",
                  "type": "text"
                }
              ],
              "raw_text": "speaking",
              "span": {
                "end": 953,
                "start": 945
              },
              "type": "word"
            }
          ],
          "terminator": {
            "type": "period"
          }
        },
        "speaker": "CHI"
      }
    },
    {
      "line_type": "utterance",
      "main": {
        "content": {
          "content": [
            {
              "content": [
                {
                  "content": "this",
                  "type": "text"
                }
              ],
              "raw_text": "this",
              "span": {
                "end": 966,
                "start": 962
              },
              "type": "word"
            },
            {
              "content": [
                {
                  "content": "is",
                  "type": "text"
                }
              ],
              "raw_text": "is",
              "span": {
                "end": 969,
                "start": 967
              },
              "type": "word"
            },
            {
              "content": [
                {
                  "content": "child",
                  "type": "text"
                },
                {
                  "content": {
                    "span": {
                      "end": 976,
                      "start": 975
                    }
                  },
                  "type": "compound_marker"
                },
                {
                  "content": "child",
                  "type": "text"
                }
              ],
              "raw_text": "child+child",
              "scoped_annotations": [
                {
                  "text": "a b",
                  "type": "percentcomment"
                }
              ],
              "span": {
                "end": 981,
                "start": 970
              },
              "type": "annotated_word"
            },
            {
              "content": [
                {
                  "content": "speaking",
                  "type": "text"
                }
              ],
              "raw_text": "speaking",
              "span": {
                "end": 998,
                "start": 990
              },
              "type": "word"
            }
          ],
          "terminator": {
            "type": "period"
          }
        },
        "speaker": "CHI"
      }
    },
    {
      "line_type": "utterance",
      "main": {
        "content": {
          "content": [
            {
              "content": [
                {
                  "content": "this",
                  "type": "text"
                }
              ],
              "raw_text": "this",
              "span": {
                "end": 1011,
                "start": 1007
              },
              "type": "word"
            },
            {
              "content": [
                {
                  "content": "is",
                  "type": "text"
                }
              ],
              "raw_text": "is",
              "span": {
                "end": 1014,
                "start": 1012
              },
              "type": "word"
            },
            {
              "content": [
                {
                  "content": "child",
                  "type": "text"
                },
                {
                  "content": {
                    "span": {
                      "end": 1021,
                      "start": 1020
                    }
                  },
                  "type": "compound_marker"
                },
                {
                  "content": "child",
                  "type": "text"
                }
              ],
              "raw_text": "child+child",
              "scoped_annotations": [
                {
                  "type": "scopeduncertain"
                }
              ],
              "span": {
                "end": 1026,
                "start": 1015
              },
              "type": "annotated_word"
            },
            {
              "content": [
                {
                  "content": "speaking",
                  "type": "text"
                }
              ],
              "raw_text": "speaking",
              "span": {
                "end": 1039,
                "start": 1031
              },
              "type": "word"
            }
          ],
          "terminator": {
            "type": "period"
          }
        },
        "speaker": "CHI"
      }
    },
    {
      "line_type": "utterance",
      "main": {
        "content": {
          "content": [
            {
              "content": [
                {
                  "content": "this",
                  "type": "text"
                }
              ],
              "raw_text": "this",
              "span": {
                "end": 1052,
                "start": 1048
              },
              "type": "word"
            },
            {
              "content": [
                {
                  "content": "is",
                  "type": "text"
                }
              ],
              "raw_text": "is",
              "span": {
                "end": 1055,
                "start": 1053
              },
              "type": "word"
            },
            {
              "content": [
                {
                  "content": "child",
                  "type": "text"
                },
                {
                  "content": {
                    "span": {
                      "end": 1062,
                      "start": 1061
                    }
                  },
                  "type": "compound_marker"
                },
                {
                  "content": "child",
                  "type": "text"
                }
              ],
              "raw_text": "child+child",
              "scoped_annotations": [
                {
                  "type": "scopedstressing"
                }
              ],
              "span": {
                "end": 1067,
                "start": 1056
              },
              "type": "annotated_word"
            },
            {
              "content": [
                {
                  "content": "speaking",
                  "type": "text"
                }
              ],
              "raw_text": "speaking",
              "span": {
                "end": 1080,
                "start": 1072
              },
              "type": "word"
            }
          ],
          "terminator": {
            "type": "period"
          }
        },
        "speaker": "CHI"
      }
    },
    {
      "line_type": "utterance",
      "main": {
        "content": {
          "content": [
            {
              "content": [
                {
                  "content": "this",
                  "type": "text"
                }
              ],
              "raw_text": "this",
              "span": {
                "end": 1093,
                "start": 1089
              },
              "type": "word"
            },
            {
              "content": [
                {
                  "content": "is",
                  "type": "text"
                }
              ],
              "raw_text": "is",
              "span": {
                "end": 1096,
                "start": 1094
              },
              "type": "word"
            },
            {
              "content": [
                {
                  "content": "child",
                  "type": "text"
                },
                {
                  "content": {
                    "span": {
                      "end": 1103,
                      "start": 1102
                    }
                  },
                  "type": "compound_marker"
                },
                {
                  "content": "child",
                  "type": "text"
                }
              ],
              "raw_text": "child+child",
              "scoped_annotations": [
                {
                  "type": "scopedcontrastivestressing"
                }
              ],
              "span": {
                "end": 1108,
                "start": 1097
              },
              "type": "annotated_word"
            },
            {
              "content": [
                {
                  "content": "speaking",
                  "type": "text"
                }
              ],
              "raw_text": "speaking",
              "span": {
                "end": 1122,
                "start": 1114
              },
              "type": "word"
            }
          ],
          "terminator": {
            "type": "period"
          }
        },
        "speaker": "CHI"
      }
    },
    {
      "line_type": "utterance",
      "main": {
        "content": {
          "content": [
            {
              "content": [
                {
                  "content": "this",
                  "type": "text"
                }
              ],
              "raw_text": "this",
              "span": {
                "end": 1135,
                "start": 1131
              },
              "type": "word"
            },
            {
              "content": [
                {
                  "content": "is",
                  "type": "text"
                }
              ],
              "raw_text": "is",
              "span": {
                "end": 1138,
                "start": 1136
              },
              "type": "word"
            },
            {
              "content": [
                {
                  "content": "child",
                  "type": "text"
                },
                {
                  "content": {
                    "span": {
                      "end": 1145,
                      "start": 1144
                    }
                  },
                  "type": "compound_marker"
                },
                {
                  "content": "child",
                  "type": "text"
                }
              ],
              "raw_text": "child+child",
              "scoped_annotations": [
                {
                  "code": "a b",
                  "type": "error"
                }
              ],
              "span": {
                "end": 1150,
                "start": 1139
              },
              "type": "annotated_word"
            },
            {
              "content": [
                {
                  "content": "speaking",
                  "type": "text"
                }
              ],
              "raw_text": "speaking",
              "span": {
                "end": 1167,
                "start": 1159
              },
              "type": "word"
            }
          ],
          "terminator": {
            "type": "period"
          }
        },
        "speaker": "CHI"
      }
    },
    {
      "line_type": "utterance",
      "main": {
        "content": {
          "content": [
            {
              "content": [
                {
                  "content": "this",
                  "type": "text"
                }
              ],
              "raw_text": "this",
              "span": {
                "end": 1180,
                "start": 1176
              },
              "type": "word"
            },
            {
              "content": [
                {
                  "content": "is",
                  "type": "text"
                }
              ],
              "raw_text": "is",
              "span": {
                "end": 1183,
                "start": 1181
              },
              "type": "word"
            },
            {
              "content": [
                {
                  "content": "child",
                  "type": "text"
                },
                {
                  "content": {
                    "span": {
                      "end": 1190,
                      "start": 1189
                    }
                  },
                  "type": "compound_marker"
                },
                {
                  "content": "child",
                  "type": "text"
                }
              ],
              "raw_text": "child+child",
              "scoped_annotations": [
                {
                  "code": null,
                  "type": "error"
                }
              ],
              "span": {
                "end": 1195,
                "start": 1184
              },
              "type": "annotated_word"
            },
            {
              "content": [
                {
                  "content": "speaking",
                  "type": "text"
                }
              ],
              "raw_text": "speaking",
              "span": {
                "end": 1208,
                "start": 1200
              },
              "type": "word"
            }
          ],
          "terminator": {
            "type": "period"
          }
        },
        "speaker": "CHI"
      }
    },
    {
      "header": {
        "type": "end"
      },
      "line_type": "header"
    }
  ],
  "participants": {
    "CHI": {
      "birth_date": null,
      "code": "CHI",
      "id": {
        "age": "1;08.",
        "corpus": "bates",
        "group": "normal",
        "language": "eng",
        "role": "Child",
        "sex": "female",
        "speaker": "CHI"
      },
      "name": null,
      "role": "Child"
    },
    "MOT": {
      "birth_date": null,
      "code": "MOT",
      "id": {
        "corpus": "bates",
        "language": "eng",
        "role": "Mother",
        "speaker": "MOT"
      },
      "name": null,
      "role": "Mother"
    }
  }
}
