---
source: crates/talkbank-parser-tests/src/snapshot.rs
expression: snapshot
---
{
  "lines": [
    {
      "line_type": "header",
      "header": {
        "type": "utf8"
      }
    },
    {
      "line_type": "header",
      "header": {
        "type": "begin"
      }
    },
    {
      "line_type": "header",
      "header": {
        "type": "languages",
        "codes": [
          "eng"
        ]
      }
    },
    {
      "line_type": "header",
      "header": {
        "type": "participants",
        "entries": [
          {
            "speaker_code": "CHI",
            "name": null,
            "role": "Child"
          },
          {
            "speaker_code": "MOT",
            "name": null,
            "role": "Mother"
          }
        ]
      }
    },
    {
      "line_type": "header",
      "header": {
        "type": "id",
        "language": [
          "eng"
        ],
        "corpus": "corpus",
        "speaker": "CHI",
        "age": "3;0",
        "role": "Child"
      }
    },
    {
      "line_type": "header",
      "header": {
        "type": "id",
        "language": [
          "eng"
        ],
        "corpus": "corpus",
        "speaker": "MOT",
        "role": "Mother"
      }
    },
    {
      "line_type": "header",
      "header": {
        "type": "comment",
        "content": {
          "segments": [
            {
              "type": "text",
              "text": "Retrace annotations: partial [/], complete [//], multiple [///],"
            },
            {
              "type": "continuation"
            },
            {
              "type": "text",
              "text": "uncertain [/?], reformulation [/-]"
            }
          ]
        }
      }
    },
    {
      "line_type": "header",
      "header": {
        "type": "comment",
        "content": {
          "segments": [
            {
              "type": "text",
              "text": "Constructs: retrace_partial, retrace_complete, retrace_multiple,"
            },
            {
              "type": "continuation"
            },
            {
              "type": "text",
              "text": "retrace_uncertain, retrace_reformulation"
            }
          ]
        }
      }
    },
    {
      "line_type": "utterance",
      "main": {
        "speaker": "CHI",
        "content": {
          "content": [
            {
              "type": "retrace",
              "content": {
                "content": [
                  {
                    "type": "word",
                    "raw_text": "I",
                    "cleaned_text": "I",
                    "content": [
                      {
                        "type": "text",
                        "content": "I"
                      }
                    ]
                  }
                ]
              },
              "kind": "partial"
            },
            {
              "type": "word",
              "raw_text": "I",
              "cleaned_text": "I",
              "content": [
                {
                  "type": "text",
                  "content": "I"
                }
              ]
            },
            {
              "type": "word",
              "raw_text": "want",
              "cleaned_text": "want",
              "content": [
                {
                  "type": "text",
                  "content": "want"
                }
              ]
            },
            {
              "type": "word",
              "raw_text": "that",
              "cleaned_text": "that",
              "content": [
                {
                  "type": "text",
                  "content": "that"
                }
              ]
            }
          ],
          "terminator": {
            "type": "period"
          }
        }
      }
    },
    {
      "line_type": "utterance",
      "main": {
        "speaker": "MOT",
        "content": {
          "content": [
            {
              "type": "word",
              "raw_text": "the",
              "cleaned_text": "the",
              "content": [
                {
                  "type": "text",
                  "content": "the"
                }
              ]
            },
            {
              "type": "retrace",
              "content": {
                "content": [
                  {
                    "type": "word",
                    "raw_text": "dog",
                    "cleaned_text": "dog",
                    "content": [
                      {
                        "type": "text",
                        "content": "dog"
                      }
                    ]
                  }
                ]
              },
              "kind": "full"
            },
            {
              "type": "word",
              "raw_text": "the",
              "cleaned_text": "the",
              "content": [
                {
                  "type": "text",
                  "content": "the"
                }
              ]
            },
            {
              "type": "word",
              "raw_text": "cat",
              "cleaned_text": "cat",
              "content": [
                {
                  "type": "text",
                  "content": "cat"
                }
              ]
            },
            {
              "type": "word",
              "raw_text": "ran",
              "cleaned_text": "ran",
              "content": [
                {
                  "type": "text",
                  "content": "ran"
                }
              ]
            }
          ],
          "terminator": {
            "type": "period"
          }
        }
      }
    },
    {
      "line_type": "utterance",
      "main": {
        "speaker": "CHI",
        "content": {
          "content": [
            {
              "type": "word",
              "raw_text": "I",
              "cleaned_text": "I",
              "content": [
                {
                  "type": "text",
                  "content": "I"
                }
              ]
            },
            {
              "type": "word",
              "raw_text": "want",
              "cleaned_text": "want",
              "content": [
                {
                  "type": "text",
                  "content": "want"
                }
              ]
            },
            {
              "type": "retrace",
              "content": {
                "content": [
                  {
                    "type": "word",
                    "raw_text": "the",
                    "cleaned_text": "the",
                    "content": [
                      {
                        "type": "text",
                        "content": "the"
                      }
                    ]
                  }
                ]
              },
              "kind": "multiple"
            },
            {
              "type": "word",
              "raw_text": "give",
              "cleaned_text": "give",
              "content": [
                {
                  "type": "text",
                  "content": "give"
                }
              ]
            },
            {
              "type": "word",
              "raw_text": "me",
              "cleaned_text": "me",
              "content": [
                {
                  "type": "text",
                  "content": "me"
                }
              ]
            },
            {
              "type": "word",
              "raw_text": "that",
              "cleaned_text": "that",
              "content": [
                {
                  "type": "text",
                  "content": "that"
                }
              ]
            }
          ],
          "terminator": {
            "type": "period"
          }
        }
      }
    },
    {
      "line_type": "utterance",
      "main": {
        "speaker": "MOT",
        "content": {
          "content": [
            {
              "type": "word",
              "raw_text": "is",
              "cleaned_text": "is",
              "content": [
                {
                  "type": "text",
                  "content": "is"
                }
              ]
            },
            {
              "type": "retrace",
              "content": {
                "content": [
                  {
                    "type": "word",
                    "raw_text": "that",
                    "cleaned_text": "that",
                    "content": [
                      {
                        "type": "text",
                        "content": "that"
                      }
                    ]
                  }
                ]
              },
              "kind": "uncertain"
            },
            {
              "type": "word",
              "raw_text": "a",
              "cleaned_text": "a",
              "content": [
                {
                  "type": "text",
                  "content": "a"
                }
              ]
            },
            {
              "type": "word",
              "raw_text": "toy",
              "cleaned_text": "toy",
              "content": [
                {
                  "type": "text",
                  "content": "toy"
                }
              ]
            }
          ],
          "terminator": {
            "type": "question"
          }
        }
      }
    },
    {
      "line_type": "utterance",
      "main": {
        "speaker": "CHI",
        "content": {
          "content": [
            {
              "type": "retrace",
              "content": {
                "content": [
                  {
                    "type": "word",
                    "raw_text": "ana",
                    "cleaned_text": "ana",
                    "content": [
                      {
                        "type": "text",
                        "content": "ana"
                      }
                    ]
                  }
                ]
              },
              "kind": "full"
            },
            {
              "type": "word",
              "raw_text": "an",
              "cleaned_text": "an",
              "content": [
                {
                  "type": "text",
                  "content": "an"
                }
              ]
            }
          ],
          "terminator": {
            "type": "period"
          }
        }
      }
    },
    {
      "line_type": "utterance",
      "main": {
        "speaker": "MOT",
        "content": {
          "content": [
            {
              "type": "word",
              "raw_text": "the",
              "cleaned_text": "the",
              "content": [
                {
                  "type": "text",
                  "content": "the"
                }
              ]
            },
            {
              "type": "retrace",
              "content": {
                "content": [
                  {
                    "type": "word",
                    "raw_text": "book",
                    "cleaned_text": "book",
                    "content": [
                      {
                        "type": "text",
                        "content": "book"
                      }
                    ]
                  }
                ]
              },
              "kind": "reformulation"
            },
            {
              "type": "word",
              "raw_text": "the",
              "cleaned_text": "the",
              "content": [
                {
                  "type": "text",
                  "content": "the"
                }
              ]
            },
            {
              "type": "word",
              "raw_text": "magazine",
              "cleaned_text": "magazine",
              "content": [
                {
                  "type": "text",
                  "content": "magazine"
                }
              ]
            },
            {
              "type": "word",
              "raw_text": "is",
              "cleaned_text": "is",
              "content": [
                {
                  "type": "text",
                  "content": "is"
                }
              ]
            },
            {
              "type": "word",
              "raw_text": "here",
              "cleaned_text": "here",
              "content": [
                {
                  "type": "text",
                  "content": "here"
                }
              ]
            }
          ],
          "terminator": {
            "type": "period"
          }
        }
      }
    },
    {
      "line_type": "header",
      "header": {
        "type": "end"
      }
    }
  ],
  "participants": {
    "CHI": {
      "code": "CHI",
      "name": null,
      "role": "Child",
      "id": {
        "language": [
          "eng"
        ],
        "corpus": "corpus",
        "speaker": "CHI",
        "age": "3;0",
        "role": "Child"
      },
      "birth_date": null
    },
    "MOT": {
      "code": "MOT",
      "name": null,
      "role": "Mother",
      "id": {
        "language": [
          "eng"
        ],
        "corpus": "corpus",
        "speaker": "MOT",
        "role": "Mother"
      },
      "birth_date": null
    }
  },
  "languages": [
    "eng"
  ],
  "options": []
}
