---
source: crates/batchalign-app/tests/ml_golden/compare/golden.rs
expression: "&results[0].content"
---
@UTF8
@Begin
@Languages:	eng
@Participants:	PAR Participant
@ID:	eng|test|PAR|||||Participant|||
*PAR:	the dog is running quickly .
%xsrep:	the +big dog is running -quickly .
%xsmor:	DET +ADJ NOUN AUX VERB -? .
*PAR:	I like cats .
%xsrep:	i like cats .
%xsmor:	PRON VERB NOUN .
@End
