---
source: crates/batchalign-app/tests/ml_golden/morphotag/golden_l2.rs
expression: output
---
@UTF8
@Begin
@Languages:	deu, eng
@Participants:	PAR Participant
@ID:	deu|test|PAR|||||Participant|||
*PAR:	ich glaube it's@s:eng working@s:eng und don't@s:eng stop@s:eng .
%mor:	pron|ich-Prs-Nom-S1 verb|glauben-Fin-Ind-Pres-S1 pron|it-Prs-Nom-S3~aux|be-Fin-Ind-Pres-S3 noun|work-Part-Pres-S cconj|und aux|do-Fin-Imp-S~part|not verb|stop-Fin-Imp-S .
%gra:	1|2|NSUBJ 2|0|ROOT 3|4|ADVMOD 4|2|OBJ 5|7|CC 6|7|ADVMOD 7|4|CONJ 8|2|PUNCT
@End
