---
source: crates/batchalign-app/tests/ml_golden/morphotag/golden_l2.rs
expression: output
---
@UTF8
@Begin
@Languages:	dan, eng
@Participants:	PAR Participant
@ID:	dan|test|PAR|||||Participant|||
*PAR:	jeg kan godt lide hendes computer@s game@s .
%mor:	pron|jeg-Prs-Nom-S1 aux|kunne-Fin-Ind-Pres-S adv|godt verb|lide-Inf-S det|hendes-Def-Prs-S noun|computer noun|game .
%gra:	1|4|NSUBJ 2|4|AUX 3|4|ADVMOD 4|0|ROOT 5|6|DET 6|4|OBJ 7|6|NMOD 8|4|PUNCT
*PAR:	hun er meget happy@s today@s .
%mor:	pron|hun-Prs-Nom-S3 aux|være-Fin-Ind-Pres-S adv|meget adj|happy-S1 noun|today .
%gra:	1|4|NSUBJ 2|4|COP 3|4|ADVMOD 4|0|ROOT 5|4|NMOD 6|4|PUNCT
@End
